
===========================================================================
report_checks -unconstrained
===========================================================================
======================= max_ff_n40C_1v95 Corner ===================================

Startpoint: b[2] (input port clocked by clk)
Endpoint: c[31] (output port clocked by clk)
Path Group: clk
Path Type: max

Fanout         Cap        Slew       Delay        Time   Description
---------------------------------------------------------------------------------------------
                      0.000000    0.000000    0.000000   clock clk (rise edge)
                                  0.000000    0.000000   clock network delay (ideal)
                                  2.000000    2.000000 v input external delay
     1    0.002533    0.004320    0.002077    2.002077 v b[2] (in)
                                                         b[2] (net)
                      0.004324    0.000000    2.002077 v input55/A (sky130_fd_sc_hd__clkbuf_1)
     2    0.004390    0.023838    0.051720    2.053797 v input55/X (sky130_fd_sc_hd__clkbuf_1)
                                                         net55 (net)
                      0.023838    0.000152    2.053949 v _172_/B (sky130_fd_sc_hd__and2_1)
     5    0.019341    0.072598    0.137830    2.191779 v _172_/X (sky130_fd_sc_hd__and2_1)
                                                         _005_ (net)
                      0.072628    0.001395    2.193175 v _174_/A (sky130_fd_sc_hd__nor2_1)
     2    0.005002    0.079471    0.098123    2.291298 ^ _174_/Y (sky130_fd_sc_hd__nor2_1)
                                                         _007_ (net)
                      0.079471    0.000161    2.291459 ^ _180_/A (sky130_fd_sc_hd__and2_1)
     5    0.016846    0.128898    0.148357    2.439816 ^ _180_/X (sky130_fd_sc_hd__and2_1)
                                                         _013_ (net)
                      0.128921    0.001421    2.441237 ^ _184_/A2 (sky130_fd_sc_hd__o311a_1)
     5    0.020689    0.157977    0.196847    2.638085 ^ _184_/X (sky130_fd_sc_hd__o311a_1)
                                                         _017_ (net)
                      0.158061    0.001910    2.639995 ^ _197_/A1 (sky130_fd_sc_hd__a31o_2)
     4    0.025173    0.114710    0.165776    2.805771 ^ _197_/X (sky130_fd_sc_hd__a31o_2)
                                                         _030_ (net)
                      0.114719    0.001117    2.806887 ^ _236_/A1 (sky130_fd_sc_hd__a21oi_4)
     5    0.028450    0.062446    0.063311    2.870198 v _236_/Y (sky130_fd_sc_hd__a21oi_4)
                                                         _066_ (net)
                      0.062920    0.004258    2.874456 v _288_/A1 (sky130_fd_sc_hd__o31a_2)
     4    0.023963    0.071490    0.261247    3.135703 v _288_/X (sky130_fd_sc_hd__o31a_2)
                                                         _110_ (net)
                      0.071532    0.001593    3.137296 v _318_/A1 (sky130_fd_sc_hd__o31ai_4)
     3    0.015069    0.195110    0.227658    3.364954 ^ _318_/Y (sky130_fd_sc_hd__o31ai_4)
                                                         _136_ (net)
                      0.195111    0.001195    3.366149 ^ _328_/A2 (sky130_fd_sc_hd__a211oi_2)
     2    0.011243    0.068904    0.075817    3.441966 v _328_/Y (sky130_fd_sc_hd__a211oi_2)
                                                         _144_ (net)
                      0.068908    0.000991    3.442957 v _331_/A3 (sky130_fd_sc_hd__o31a_1)
     1    0.005179    0.041773    0.162403    3.605360 v _331_/X (sky130_fd_sc_hd__o31a_1)
                                                         _146_ (net)
                      0.041777    0.000381    3.605741 v _333_/A (sky130_fd_sc_hd__xnor2_1)
     1    0.002560    0.078860    0.098691    3.704431 ^ _333_/Y (sky130_fd_sc_hd__xnor2_1)
                                                         net89 (net)
                      0.078860    0.000182    3.704614 ^ output89/A (sky130_fd_sc_hd__buf_2)
     1    0.034193    0.127602    0.148984    3.853598 ^ output89/X (sky130_fd_sc_hd__buf_2)
                                                         c[31] (net)
                      0.127635    0.001703    3.855301 ^ c[31] (out)
                                              3.855301   data arrival time

                      0.000000   10.000000   10.000000   clock clk (rise edge)
                                  0.000000   10.000000   clock network delay (ideal)
                                 -0.250000    9.750000   clock uncertainty
                                  0.000000    9.750000   clock reconvergence pessimism
                                 -2.000000    7.750000   output external delay
                                              7.750000   data required time
---------------------------------------------------------------------------------------------
                                              7.750000   data required time
                                             -3.855301   data arrival time
---------------------------------------------------------------------------------------------
                                              3.894699   slack (MET)




===========================================================================
report_checks --slack_max -0.01
============================================================================
======================= max_ff_n40C_1v95 Corner ===================================

No paths found.


===========================================================================
 report_check_types -max_slew -max_cap -max_fanout -violators
============================================================================
======================= max_ff_n40C_1v95 Corner ===================================



===========================================================================
report_parasitic_annotation -report_unannotated
============================================================================
Found 0 unannotated drivers.
Found 0 partially unannotated drivers.

===========================================================================
max slew violation count 0
max fanout violation count 0
max cap violation count 0
============================================================================

===========================================================================
check_setup -verbose -unconstrained_endpoints -multiple_clock -no_clock -no_input_delay -loops -generated_clocks
===========================================================================
