
===========================================================================
 report_power
============================================================================
======================= max_ff_n40C_1v95 Corner ===================================

Group                    Internal    Switching      Leakage        Total
                            Power        Power        Power        Power (Watts)
------------------------------------------------------------------------
Sequential           0.000000e+00 0.000000e+00 0.000000e+00 0.000000e+00   0.0%
Combinational        5.577777e-05 1.180771e-04 1.334118e-09 1.738562e-04 100.0%
Clock                0.000000e+00 0.000000e+00 2.152222e-09 2.152222e-09   0.0%
Macro                0.000000e+00 0.000000e+00 0.000000e+00 0.000000e+00   0.0%
Pad                  0.000000e+00 0.000000e+00 0.000000e+00 0.000000e+00   0.0%
------------------------------------------------------------------------
Total                5.577777e-05 1.180771e-04 3.486329e-09 1.738584e-04 100.0%
                            32.1%        67.9%         0.0%

