
===========================================================================
report_checks -unconstrained
===========================================================================
======================= nom_ff_n40C_1v95 Corner ===================================

Startpoint: b[2] (input port clocked by clk)
Endpoint: c[31] (output port clocked by clk)
Path Group: clk
Path Type: max

Fanout         Cap        Slew       Delay        Time   Description
---------------------------------------------------------------------------------------------
                      0.000000    0.000000    0.000000   clock clk (rise edge)
                                  0.000000    0.000000   clock network delay (ideal)
                                  2.000000    2.000000 v input external delay
     1    0.002510    0.004297    0.002019    2.002019 v b[2] (in)
                                                         b[2] (net)
                      0.004298    0.000000    2.002019 v input55/A (sky130_fd_sc_hd__clkbuf_1)
     2    0.004342    0.023653    0.051607    2.053627 v input55/X (sky130_fd_sc_hd__clkbuf_1)
                                                         net55 (net)
                      0.023653    0.000068    2.053695 v _172_/B (sky130_fd_sc_hd__and2_1)
     5    0.018551    0.070343    0.136262    2.189956 v _172_/X (sky130_fd_sc_hd__and2_1)
                                                         _005_ (net)
                      0.070350    0.000752    2.190708 v _174_/A (sky130_fd_sc_hd__nor2_1)
     2    0.004934    0.078559    0.096827    2.287536 ^ _174_/Y (sky130_fd_sc_hd__nor2_1)
                                                         _007_ (net)
                      0.078559    0.000067    2.287602 ^ _180_/A (sky130_fd_sc_hd__and2_1)
     5    0.016464    0.126085    0.146766    2.434368 ^ _180_/X (sky130_fd_sc_hd__and2_1)
                                                         _013_ (net)
                      0.126130    0.000610    2.434978 ^ _184_/A2 (sky130_fd_sc_hd__o311a_1)
     5    0.020056    0.153350    0.194082    2.629060 ^ _184_/X (sky130_fd_sc_hd__o311a_1)
                                                         _017_ (net)
                      0.153353    0.000933    2.629993 ^ _197_/A1 (sky130_fd_sc_hd__a31o_2)
     4    0.024586    0.112248    0.164056    2.794050 ^ _197_/X (sky130_fd_sc_hd__a31o_2)
                                                         _030_ (net)
                      0.112249    0.000594    2.794643 ^ _236_/A1 (sky130_fd_sc_hd__a21oi_4)
     5    0.027543    0.060817    0.062644    2.857287 v _236_/Y (sky130_fd_sc_hd__a21oi_4)
                                                         _066_ (net)
                      0.060990    0.002540    2.859828 v _288_/A1 (sky130_fd_sc_hd__o31a_2)
     4    0.023424    0.070545    0.260052    3.119880 v _288_/X (sky130_fd_sc_hd__o31a_2)
                                                         _110_ (net)
                      0.070553    0.000763    3.120643 v _318_/A1 (sky130_fd_sc_hd__o31ai_4)
     3    0.014787    0.193309    0.226076    3.346718 ^ _318_/Y (sky130_fd_sc_hd__o31ai_4)
                                                         _136_ (net)
                      0.193309    0.000551    3.347270 ^ _328_/A2 (sky130_fd_sc_hd__a211oi_2)
     2    0.010540    0.067264    0.073973    3.421242 v _328_/Y (sky130_fd_sc_hd__a211oi_2)
                                                         _144_ (net)
                      0.067265    0.000571    3.421813 v _331_/A3 (sky130_fd_sc_hd__o31a_1)
     1    0.005093    0.041508    0.161526    3.583340 v _331_/X (sky130_fd_sc_hd__o31a_1)
                                                         _146_ (net)
                      0.041509    0.000160    3.583499 v _333_/A (sky130_fd_sc_hd__xnor2_1)
     1    0.002481    0.077798    0.097768    3.681267 ^ _333_/Y (sky130_fd_sc_hd__xnor2_1)
                                                         net89 (net)
                      0.077798    0.000071    3.681339 ^ output89/A (sky130_fd_sc_hd__buf_2)
     1    0.034158    0.127720    0.149285    3.830624 ^ output89/X (sky130_fd_sc_hd__buf_2)
                                                         c[31] (net)
                      0.127763    0.000706    3.831330 ^ c[31] (out)
                                              3.831330   data arrival time

                      0.000000   10.000000   10.000000   clock clk (rise edge)
                                  0.000000   10.000000   clock network delay (ideal)
                                 -0.250000    9.750000   clock uncertainty
                                  0.000000    9.750000   clock reconvergence pessimism
                                 -2.000000    7.750000   output external delay
                                              7.750000   data required time
---------------------------------------------------------------------------------------------
                                              7.750000   data required time
                                             -3.831330   data arrival time
---------------------------------------------------------------------------------------------
                                              3.918670   slack (MET)




===========================================================================
report_checks --slack_max -0.01
============================================================================
======================= nom_ff_n40C_1v95 Corner ===================================

No paths found.


===========================================================================
 report_check_types -max_slew -max_cap -max_fanout -violators
============================================================================
======================= nom_ff_n40C_1v95 Corner ===================================



===========================================================================
report_parasitic_annotation -report_unannotated
============================================================================
Found 0 unannotated drivers.
Found 0 partially unannotated drivers.

===========================================================================
max slew violation count 0
max fanout violation count 0
max cap violation count 0
============================================================================

===========================================================================
check_setup -verbose -unconstrained_endpoints -multiple_clock -no_clock -no_input_delay -loops -generated_clocks
===========================================================================
