
===========================================================================
report_checks -unconstrained
===========================================================================
======================= min_ss_100C_1v60 Corner ===================================

Startpoint: a[14] (input port clocked by clk)
Endpoint: c[31] (output port clocked by clk)
Path Group: clk
Path Type: max

Fanout         Cap        Slew       Delay        Time   Description
---------------------------------------------------------------------------------------------
                      0.000000    0.000000    0.000000   clock clk (rise edge)
                                  0.000000    0.000000   clock network delay (ideal)
                                  2.000000    2.000000 ^ input external delay
     1    0.002804    0.032283    0.015789    2.015789 ^ a[14] (in)
                                                         a[14] (net)
                      0.032283    0.000000    2.015789 ^ input6/A (sky130_fd_sc_hd__buf_1)
     3    0.008778    0.178909    0.211525    2.227314 ^ input6/X (sky130_fd_sc_hd__buf_1)
                                                         net6 (net)
                      0.178909    0.000095    2.227409 ^ _221_/A (sky130_fd_sc_hd__or2_1)
     1    0.008511    0.143134    0.271073    2.498482 ^ _221_/X (sky130_fd_sc_hd__or2_1)
                                                         _053_ (net)
                      0.143134    0.000239    2.498720 ^ _223_/A (sky130_fd_sc_hd__nand2_1)
     3    0.010076    0.182212    0.213062    2.711782 v _223_/Y (sky130_fd_sc_hd__nand2_1)
                                                         _055_ (net)
                      0.182212    0.000158    2.711940 v _229_/A (sky130_fd_sc_hd__or2_1)
     2    0.009586    0.156481    0.615118    3.327058 v _229_/X (sky130_fd_sc_hd__or2_1)
                                                         _059_ (net)
                      0.156481    0.000330    3.327388 v _230_/C (sky130_fd_sc_hd__or3_1)
     2    0.010044    0.210974    0.851396    4.178784 v _230_/X (sky130_fd_sc_hd__or3_1)
                                                         _060_ (net)
                      0.210974    0.000221    4.179005 v _231_/B (sky130_fd_sc_hd__nor2_1)
     1    0.010219    0.341236    0.351275    4.530280 ^ _231_/Y (sky130_fd_sc_hd__nor2_1)
                                                         _061_ (net)
                      0.341236    0.000102    4.530382 ^ _236_/A2 (sky130_fd_sc_hd__a21oi_4)
     5    0.026873    0.155054    0.263842    4.794223 v _236_/Y (sky130_fd_sc_hd__a21oi_4)
                                                         _066_ (net)
                      0.155074    0.001785    4.796009 v _288_/A1 (sky130_fd_sc_hd__o31a_2)
     4    0.023085    0.175567    0.806877    5.602885 v _288_/X (sky130_fd_sc_hd__o31a_2)
                                                         _110_ (net)
                      0.175567    0.000393    5.603279 v _318_/A1 (sky130_fd_sc_hd__o31ai_4)
     3    0.014379    0.397213    0.542105    6.145384 ^ _318_/Y (sky130_fd_sc_hd__o31ai_4)
                                                         _136_ (net)
                      0.397213    0.000282    6.145667 ^ _328_/A2 (sky130_fd_sc_hd__a211oi_2)
     2    0.010056    0.163338    0.294313    6.439979 v _328_/Y (sky130_fd_sc_hd__a211oi_2)
                                                         _144_ (net)
                      0.163338    0.000349    6.440328 v _331_/A3 (sky130_fd_sc_hd__o31a_1)
     1    0.005005    0.105442    0.511358    6.951685 v _331_/X (sky130_fd_sc_hd__o31a_1)
                                                         _146_ (net)
                      0.105442    0.000055    6.951741 v _333_/A (sky130_fd_sc_hd__xnor2_1)
     1    0.002301    0.176193    0.242594    7.194335 ^ _333_/Y (sky130_fd_sc_hd__xnor2_1)
                                                         net89 (net)
                      0.176193    0.000022    7.194357 ^ output89/A (sky130_fd_sc_hd__buf_2)
     1    0.034095    0.270963    0.392593    7.586950 ^ output89/X (sky130_fd_sc_hd__buf_2)
                                                         c[31] (net)
                      0.270963    0.000242    7.587193 ^ c[31] (out)
                                              7.587193   data arrival time

                      0.000000   10.000000   10.000000   clock clk (rise edge)
                                  0.000000   10.000000   clock network delay (ideal)
                                 -0.250000    9.750000   clock uncertainty
                                  0.000000    9.750000   clock reconvergence pessimism
                                 -2.000000    7.750000   output external delay
                                              7.750000   data required time
---------------------------------------------------------------------------------------------
                                              7.750000   data required time
                                             -7.587193   data arrival time
---------------------------------------------------------------------------------------------
                                              0.162808   slack (MET)




===========================================================================
report_checks --slack_max -0.01
============================================================================
======================= min_ss_100C_1v60 Corner ===================================

No paths found.


===========================================================================
 report_check_types -max_slew -max_cap -max_fanout -violators
============================================================================
======================= min_ss_100C_1v60 Corner ===================================



===========================================================================
report_parasitic_annotation -report_unannotated
============================================================================
Found 0 unannotated drivers.
Found 0 partially unannotated drivers.

===========================================================================
max slew violation count 0
max fanout violation count 0
max cap violation count 0
============================================================================

===========================================================================
check_setup -verbose -unconstrained_endpoints -multiple_clock -no_clock -no_input_delay -loops -generated_clocks
===========================================================================
