
===========================================================================
report_checks -unconstrained
===========================================================================
======================= max_tt_025C_1v80 Corner ===================================

Startpoint: a[14] (input port clocked by clk)
Endpoint: c[31] (output port clocked by clk)
Path Group: clk
Path Type: max

Fanout         Cap        Slew       Delay        Time   Description
---------------------------------------------------------------------------------------------
                      0.000000    0.000000    0.000000   clock clk (rise edge)
                                  0.000000    0.000000   clock network delay (ideal)
                                  2.000000    2.000000 ^ input external delay
     1    0.002942    0.020341    0.010858    2.010858 ^ a[14] (in)
                                                         a[14] (net)
                      0.020342    0.000000    2.010858 ^ input6/A (sky130_fd_sc_hd__buf_1)
     3    0.009326    0.117040    0.123642    2.134500 ^ input6/X (sky130_fd_sc_hd__buf_1)
                                                         net6 (net)
                      0.117043    0.000477    2.134977 ^ _221_/A (sky130_fd_sc_hd__or2_1)
     1    0.009472    0.097599    0.157468    2.292445 ^ _221_/X (sky130_fd_sc_hd__or2_1)
                                                         _053_ (net)
                      0.097601    0.000652    2.293097 ^ _223_/A (sky130_fd_sc_hd__nand2_1)
     3    0.010459    0.083824    0.101546    2.394643 v _223_/Y (sky130_fd_sc_hd__nand2_1)
                                                         _055_ (net)
                      0.083833    0.000729    2.395371 v _229_/A (sky130_fd_sc_hd__or2_1)
     2    0.010542    0.082174    0.277940    2.673312 v _229_/X (sky130_fd_sc_hd__or2_1)
                                                         _059_ (net)
                      0.082183    0.000870    2.674182 v _230_/C (sky130_fd_sc_hd__or3_1)
     2    0.010662    0.106455    0.370614    3.044796 v _230_/X (sky130_fd_sc_hd__or3_1)
                                                         _060_ (net)
                      0.106458    0.000735    3.045532 v _231_/B (sky130_fd_sc_hd__nor2_1)
     1    0.010373    0.200671    0.197480    3.243011 ^ _231_/Y (sky130_fd_sc_hd__nor2_1)
                                                         _061_ (net)
                      0.200676    0.000811    3.243823 ^ _236_/A2 (sky130_fd_sc_hd__a21oi_4)
     5    0.028453    0.086450    0.121098    3.364920 v _236_/Y (sky130_fd_sc_hd__a21oi_4)
                                                         _066_ (net)
                      0.086799    0.004270    3.369190 v _288_/A1 (sky130_fd_sc_hd__o31a_2)
     4    0.023998    0.100155    0.420169    3.789360 v _288_/X (sky130_fd_sc_hd__o31a_2)
                                                         _110_ (net)
                      0.100182    0.001596    3.790956 v _318_/A1 (sky130_fd_sc_hd__o31ai_4)
     3    0.015089    0.261056    0.327419    4.118375 ^ _318_/Y (sky130_fd_sc_hd__o31ai_4)
                                                         _136_ (net)
                      0.261058    0.001197    4.119572 ^ _328_/A2 (sky130_fd_sc_hd__a211oi_2)
     2    0.011217    0.092844    0.141436    4.261009 v _328_/Y (sky130_fd_sc_hd__a211oi_2)
                                                         _144_ (net)
                      0.092847    0.000988    4.261997 v _331_/A3 (sky130_fd_sc_hd__o31a_1)
     1    0.005197    0.057758    0.262765    4.524762 v _331_/X (sky130_fd_sc_hd__o31a_1)
                                                         _146_ (net)
                      0.057759    0.000382    4.525144 v _333_/A (sky130_fd_sc_hd__xnor2_1)
     1    0.002489    0.109823    0.144514    4.669658 ^ _333_/Y (sky130_fd_sc_hd__xnor2_1)
                                                         net89 (net)
                      0.109823    0.000177    4.669835 ^ output89/A (sky130_fd_sc_hd__buf_2)
     1    0.034193    0.170350    0.220989    4.890823 ^ output89/X (sky130_fd_sc_hd__buf_2)
                                                         c[31] (net)
                      0.170365    0.001704    4.892527 ^ c[31] (out)
                                              4.892527   data arrival time

                      0.000000   10.000000   10.000000   clock clk (rise edge)
                                  0.000000   10.000000   clock network delay (ideal)
                                 -0.250000    9.750000   clock uncertainty
                                  0.000000    9.750000   clock reconvergence pessimism
                                 -2.000000    7.750000   output external delay
                                              7.750000   data required time
---------------------------------------------------------------------------------------------
                                              7.750000   data required time
                                             -4.892527   data arrival time
---------------------------------------------------------------------------------------------
                                              2.857473   slack (MET)




===========================================================================
report_checks --slack_max -0.01
============================================================================
======================= max_tt_025C_1v80 Corner ===================================

No paths found.


===========================================================================
 report_check_types -max_slew -max_cap -max_fanout -violators
============================================================================
======================= max_tt_025C_1v80 Corner ===================================



===========================================================================
report_parasitic_annotation -report_unannotated
============================================================================
Found 0 unannotated drivers.
Found 0 partially unannotated drivers.

===========================================================================
max slew violation count 0
max fanout violation count 0
max cap violation count 0
============================================================================

===========================================================================
check_setup -verbose -unconstrained_endpoints -multiple_clock -no_clock -no_input_delay -loops -generated_clocks
===========================================================================
