
===========================================================================
 report_power
============================================================================
======================= nom_ff_n40C_1v95 Corner ===================================

Group                    Internal    Switching      Leakage        Total
                            Power        Power        Power        Power (Watts)
------------------------------------------------------------------------
Sequential           0.000000e+00 0.000000e+00 0.000000e+00 0.000000e+00   0.0%
Combinational        5.577113e-05 1.162109e-04 1.334118e-09 1.719834e-04 100.0%
Clock                0.000000e+00 0.000000e+00 2.152222e-09 2.152222e-09   0.0%
Macro                0.000000e+00 0.000000e+00 0.000000e+00 0.000000e+00   0.0%
Pad                  0.000000e+00 0.000000e+00 0.000000e+00 0.000000e+00   0.0%
------------------------------------------------------------------------
Total                5.577113e-05 1.162109e-04 3.486329e-09 1.719855e-04 100.0%
                            32.4%        67.6%         0.0%

