
===========================================================================
report_checks -path_delay min (Hold)
============================================================================
======================= nom_tt_025C_1v80 Corner ===================================

Startpoint: a[0] (input port clocked by clk)
Endpoint: c[1] (output port clocked by clk)
Path Group: clk
Path Type: min

Fanout         Cap        Slew       Delay        Time   Description
---------------------------------------------------------------------------------------------
                      0.000000    0.000000    0.000000   clock clk (rise edge)
                                  0.000000    0.000000   clock network delay (ideal)
                                  2.000000    2.000000 v input external delay
     2    0.005719    0.015603    0.009230    2.009230 v a[0] (in)
                                                         a[0] (net)
                      0.015603    0.000000    2.009230 v _176_/A (sky130_fd_sc_hd__nand2_2)
     3    0.015118    0.088695    0.078908    2.088139 ^ _176_/Y (sky130_fd_sc_hd__nand2_2)
                                                         _009_ (net)
                      0.088695    0.000000    2.088139 ^ _336_/A (sky130_fd_sc_hd__xnor2_2)
     1    0.033442    0.155569    0.167791    2.255930 v _336_/Y (sky130_fd_sc_hd__xnor2_2)
                                                         c[1] (net)
                      0.155569    0.000000    2.255930 v c[1] (out)
                                              2.255930   data arrival time

                      0.000000    0.000000    0.000000   clock clk (rise edge)
                                  0.000000    0.000000   clock network delay (ideal)
                                  0.250000    0.250000   clock uncertainty
                                  0.000000    0.250000   clock reconvergence pessimism
                                 -2.000000   -1.750000   output external delay
                                             -1.750000   data required time
---------------------------------------------------------------------------------------------
                                             -1.750000   data required time
                                             -2.255930   data arrival time
---------------------------------------------------------------------------------------------
                                              4.005930   slack (MET)


Startpoint: a[7] (input port clocked by clk)
Endpoint: c[7] (output port clocked by clk)
Path Group: clk
Path Type: min

Fanout         Cap        Slew       Delay        Time   Description
---------------------------------------------------------------------------------------------
                      0.000000    0.000000    0.000000   clock clk (rise edge)
                                  0.000000    0.000000   clock network delay (ideal)
                                  2.000000    2.000000 ^ input external delay
     2    0.006127    0.035375    0.021450    2.021450 ^ a[7] (in)
                                                         a[7] (net)
                      0.035375    0.000000    2.021450 ^ _188_/A (sky130_fd_sc_hd__nand2_2)
     3    0.006998    0.038160    0.046351    2.067801 v _188_/Y (sky130_fd_sc_hd__nand2_2)
                                                         _021_ (net)
                      0.038160    0.000000    2.067801 v _190_/A (sky130_fd_sc_hd__nand2_2)
     1    0.009040    0.058795    0.066720    2.134521 ^ _190_/Y (sky130_fd_sc_hd__nand2_2)
                                                         _023_ (net)
                      0.058795    0.000000    2.134521 ^ _350_/A (sky130_fd_sc_hd__xnor2_2)
     1    0.033442    0.154752    0.159880    2.294401 v _350_/Y (sky130_fd_sc_hd__xnor2_2)
                                                         c[7] (net)
                      0.154752    0.000000    2.294401 v c[7] (out)
                                              2.294401   data arrival time

                      0.000000    0.000000    0.000000   clock clk (rise edge)
                                  0.000000    0.000000   clock network delay (ideal)
                                  0.250000    0.250000   clock uncertainty
                                  0.000000    0.250000   clock reconvergence pessimism
                                 -2.000000   -1.750000   output external delay
                                             -1.750000   data required time
---------------------------------------------------------------------------------------------
                                             -1.750000   data required time
                                             -2.294401   data arrival time
---------------------------------------------------------------------------------------------
                                              4.044401   slack (MET)


Startpoint: a[8] (input port clocked by clk)
Endpoint: c[9] (output port clocked by clk)
Path Group: clk
Path Type: min

Fanout         Cap        Slew       Delay        Time   Description
---------------------------------------------------------------------------------------------
                      0.000000    0.000000    0.000000   clock clk (rise edge)
                                  0.000000    0.000000   clock network delay (ideal)
                                  2.000000    2.000000 ^ input external delay
     2    0.006127    0.035375    0.021450    2.021450 ^ a[8] (in)
                                                         a[8] (net)
                      0.035375    0.000000    2.021450 ^ _202_/A (sky130_fd_sc_hd__nand2_2)
     4    0.010246    0.050145    0.055574    2.077025 v _202_/Y (sky130_fd_sc_hd__nand2_2)
                                                         _035_ (net)
                      0.050145    0.000000    2.077025 v _353_/A (sky130_fd_sc_hd__nand2_2)
     1    0.008442    0.056050    0.069654    2.146679 ^ _353_/Y (sky130_fd_sc_hd__nand2_2)
                                                         _158_ (net)
                      0.056050    0.000000    2.146679 ^ _354_/B (sky130_fd_sc_hd__xnor2_2)
     1    0.033442    0.154791    0.149777    2.296456 v _354_/Y (sky130_fd_sc_hd__xnor2_2)
                                                         c[9] (net)
                      0.154791    0.000000    2.296456 v c[9] (out)
                                              2.296456   data arrival time

                      0.000000    0.000000    0.000000   clock clk (rise edge)
                                  0.000000    0.000000   clock network delay (ideal)
                                  0.250000    0.250000   clock uncertainty
                                  0.000000    0.250000   clock reconvergence pessimism
                                 -2.000000   -1.750000   output external delay
                                             -1.750000   data required time
---------------------------------------------------------------------------------------------
                                             -1.750000   data required time
                                             -2.296456   data arrival time
---------------------------------------------------------------------------------------------
                                              4.046456   slack (MET)


Startpoint: a[20] (input port clocked by clk)
Endpoint: c[21] (output port clocked by clk)
Path Group: clk
Path Type: min

Fanout         Cap        Slew       Delay        Time   Description
---------------------------------------------------------------------------------------------
                      0.000000    0.000000    0.000000   clock clk (rise edge)
                                  0.000000    0.000000   clock network delay (ideal)
                                  2.000000    2.000000 ^ input external delay
     2    0.006127    0.035375    0.021450    2.021450 ^ a[20] (in)
                                                         a[20] (net)
                      0.035375    0.000000    2.021450 ^ _258_/A (sky130_fd_sc_hd__nand2_2)
     3    0.010794    0.052167    0.057131    2.078581 v _258_/Y (sky130_fd_sc_hd__nand2_2)
                                                         _084_ (net)
                      0.052167    0.000000    2.078581 v _271_/A (sky130_fd_sc_hd__nand2_2)
     1    0.008442    0.056083    0.070510    2.149092 ^ _271_/Y (sky130_fd_sc_hd__nand2_2)
                                                         _096_ (net)
                      0.056083    0.000000    2.149092 ^ _272_/B (sky130_fd_sc_hd__xnor2_2)
     1    0.033442    0.154792    0.149786    2.298877 v _272_/Y (sky130_fd_sc_hd__xnor2_2)
                                                         c[21] (net)
                      0.154792    0.000000    2.298877 v c[21] (out)
                                              2.298877   data arrival time

                      0.000000    0.000000    0.000000   clock clk (rise edge)
                                  0.000000    0.000000   clock network delay (ideal)
                                  0.250000    0.250000   clock uncertainty
                                  0.000000    0.250000   clock reconvergence pessimism
                                 -2.000000   -1.750000   output external delay
                                             -1.750000   data required time
---------------------------------------------------------------------------------------------
                                             -1.750000   data required time
                                             -2.298877   data arrival time
---------------------------------------------------------------------------------------------
                                              4.048877   slack (MET)


Startpoint: a[22] (input port clocked by clk)
Endpoint: c[23] (output port clocked by clk)
Path Group: clk
Path Type: min

Fanout         Cap        Slew       Delay        Time   Description
---------------------------------------------------------------------------------------------
                      0.000000    0.000000    0.000000   clock clk (rise edge)
                                  0.000000    0.000000   clock network delay (ideal)
                                  2.000000    2.000000 ^ input external delay
     2    0.006127    0.035375    0.021450    2.021450 ^ a[22] (in)
                                                         a[22] (net)
                      0.035375    0.000000    2.021450 ^ _274_/A (sky130_fd_sc_hd__nand2_2)
     3    0.010698    0.051813    0.056858    2.078309 v _274_/Y (sky130_fd_sc_hd__nand2_2)
                                                         _098_ (net)
                      0.051813    0.000000    2.078309 v _282_/B1 (sky130_fd_sc_hd__o21ai_2)
     1    0.008442    0.069526    0.072632    2.150940 ^ _282_/Y (sky130_fd_sc_hd__o21ai_2)
                                                         _105_ (net)
                      0.069526    0.000000    2.150940 ^ _283_/B (sky130_fd_sc_hd__xnor2_2)
     1    0.033442    0.154994    0.153302    2.304243 v _283_/Y (sky130_fd_sc_hd__xnor2_2)
                                                         c[23] (net)
                      0.154994    0.000000    2.304243 v c[23] (out)
                                              2.304243   data arrival time

                      0.000000    0.000000    0.000000   clock clk (rise edge)
                                  0.000000    0.000000   clock network delay (ideal)
                                  0.250000    0.250000   clock uncertainty
                                  0.000000    0.250000   clock reconvergence pessimism
                                 -2.000000   -1.750000   output external delay
                                             -1.750000   data required time
---------------------------------------------------------------------------------------------
                                             -1.750000   data required time
                                             -2.304243   data arrival time
---------------------------------------------------------------------------------------------
                                              4.054243   slack (MET)


Startpoint: a[16] (input port clocked by clk)
Endpoint: c[17] (output port clocked by clk)
Path Group: clk
Path Type: min

Fanout         Cap        Slew       Delay        Time   Description
---------------------------------------------------------------------------------------------
                      0.000000    0.000000    0.000000   clock clk (rise edge)
                                  0.000000    0.000000   clock network delay (ideal)
                                  2.000000    2.000000 ^ input external delay
     2    0.006127    0.035375    0.021450    2.021450 ^ a[16] (in)
                                                         a[16] (net)
                      0.035375    0.000000    2.021450 ^ _238_/A (sky130_fd_sc_hd__nand2_2)
     3    0.010757    0.052031    0.057026    2.078476 v _238_/Y (sky130_fd_sc_hd__nand2_2)
                                                         _068_ (net)
                      0.052031    0.000000    2.078476 v _244_/B1 (sky130_fd_sc_hd__o21ai_2)
     1    0.008442    0.069526    0.072725    2.151201 ^ _244_/Y (sky130_fd_sc_hd__o21ai_2)
                                                         _073_ (net)
                      0.069526    0.000000    2.151201 ^ _245_/B (sky130_fd_sc_hd__xnor2_2)
     1    0.033442    0.154994    0.153302    2.304503 v _245_/Y (sky130_fd_sc_hd__xnor2_2)
                                                         c[17] (net)
                      0.154994    0.000000    2.304503 v c[17] (out)
                                              2.304503   data arrival time

                      0.000000    0.000000    0.000000   clock clk (rise edge)
                                  0.000000    0.000000   clock network delay (ideal)
                                  0.250000    0.250000   clock uncertainty
                                  0.000000    0.250000   clock reconvergence pessimism
                                 -2.000000   -1.750000   output external delay
                                             -1.750000   data required time
---------------------------------------------------------------------------------------------
                                             -1.750000   data required time
                                             -2.304503   data arrival time
---------------------------------------------------------------------------------------------
                                              4.054503   slack (MET)


Startpoint: a[24] (input port clocked by clk)
Endpoint: c[25] (output port clocked by clk)
Path Group: clk
Path Type: min

Fanout         Cap        Slew       Delay        Time   Description
---------------------------------------------------------------------------------------------
                      0.000000    0.000000    0.000000   clock clk (rise edge)
                                  0.000000    0.000000   clock network delay (ideal)
                                  2.000000    2.000000 ^ input external delay
     2    0.006127    0.035375    0.021450    2.021450 ^ a[24] (in)
                                                         a[24] (net)
                      0.035375    0.000000    2.021450 ^ _290_/A (sky130_fd_sc_hd__nand2_2)
     3    0.010757    0.052031    0.057026    2.078476 v _290_/Y (sky130_fd_sc_hd__nand2_2)
                                                         _112_ (net)
                      0.052031    0.000000    2.078476 v _296_/B1 (sky130_fd_sc_hd__o21ai_2)
     1    0.008442    0.069526    0.072725    2.151201 ^ _296_/Y (sky130_fd_sc_hd__o21ai_2)
                                                         _117_ (net)
                      0.069526    0.000000    2.151201 ^ _297_/B (sky130_fd_sc_hd__xnor2_2)
     1    0.033442    0.154994    0.153302    2.304503 v _297_/Y (sky130_fd_sc_hd__xnor2_2)
                                                         c[25] (net)
                      0.154994    0.000000    2.304503 v c[25] (out)
                                              2.304503   data arrival time

                      0.000000    0.000000    0.000000   clock clk (rise edge)
                                  0.000000    0.000000   clock network delay (ideal)
                                  0.250000    0.250000   clock uncertainty
                                  0.000000    0.250000   clock reconvergence pessimism
                                 -2.000000   -1.750000   output external delay
                                             -1.750000   data required time
---------------------------------------------------------------------------------------------
                                             -1.750000   data required time
                                             -2.304503   data arrival time
---------------------------------------------------------------------------------------------
                                              4.054503   slack (MET)


Startpoint: a[10] (input port clocked by clk)
Endpoint: c[11] (output port clocked by clk)
Path Group: clk
Path Type: min

Fanout         Cap        Slew       Delay        Time   Description
---------------------------------------------------------------------------------------------
                      0.000000    0.000000    0.000000   clock clk (rise edge)
                                  0.000000    0.000000   clock network delay (ideal)
                                  2.000000    2.000000 ^ input external delay
     2    0.006127    0.035375    0.021450    2.021450 ^ a[10] (in)
                                                         a[10] (net)
                      0.035375    0.000000    2.021450 ^ _206_/A (sky130_fd_sc_hd__nand2_2)
     3    0.010793    0.052163    0.057128    2.078578 v _206_/Y (sky130_fd_sc_hd__nand2_2)
                                                         _039_ (net)
                      0.052163    0.000000    2.078578 v _357_/B1 (sky130_fd_sc_hd__o21ai_2)
     1    0.008442    0.069526    0.072782    2.151360 ^ _357_/Y (sky130_fd_sc_hd__o21ai_2)
                                                         _160_ (net)
                      0.069526    0.000000    2.151360 ^ _358_/B (sky130_fd_sc_hd__xnor2_2)
     1    0.033442    0.154994    0.153302    2.304662 v _358_/Y (sky130_fd_sc_hd__xnor2_2)
                                                         c[11] (net)
                      0.154994    0.000000    2.304662 v c[11] (out)
                                              2.304662   data arrival time

                      0.000000    0.000000    0.000000   clock clk (rise edge)
                                  0.000000    0.000000   clock network delay (ideal)
                                  0.250000    0.250000   clock uncertainty
                                  0.000000    0.250000   clock reconvergence pessimism
                                 -2.000000   -1.750000   output external delay
                                             -1.750000   data required time
---------------------------------------------------------------------------------------------
                                             -1.750000   data required time
                                             -2.304662   data arrival time
---------------------------------------------------------------------------------------------
                                              4.054663   slack (MET)


Startpoint: a[30] (input port clocked by clk)
Endpoint: c[30] (output port clocked by clk)
Path Group: clk
Path Type: min

Fanout         Cap        Slew       Delay        Time   Description
---------------------------------------------------------------------------------------------
                      0.000000    0.000000    0.000000   clock clk (rise edge)
                                  0.000000    0.000000   clock network delay (ideal)
                                  2.000000    2.000000 ^ input external delay
     2    0.006127    0.035375    0.021450    2.021450 ^ a[30] (in)
                                                         a[30] (net)
                      0.035375    0.000000    2.021450 ^ _325_/A (sky130_fd_sc_hd__nand2_2)
     2    0.006568    0.036573    0.045130    2.066580 v _325_/Y (sky130_fd_sc_hd__nand2_2)
                                                         _141_ (net)
                      0.036573    0.000000    2.066580 v _327_/A (sky130_fd_sc_hd__nand2_2)
     2    0.011550    0.071132    0.075047    2.141627 ^ _327_/Y (sky130_fd_sc_hd__nand2_2)
                                                         _143_ (net)
                      0.071132    0.000000    2.141627 ^ _330_/A (sky130_fd_sc_hd__xnor2_2)
     1    0.033442    0.155545    0.163144    2.304771 v _330_/Y (sky130_fd_sc_hd__xnor2_2)
                                                         c[30] (net)
                      0.155545    0.000000    2.304771 v c[30] (out)
                                              2.304771   data arrival time

                      0.000000    0.000000    0.000000   clock clk (rise edge)
                                  0.000000    0.000000   clock network delay (ideal)
                                  0.250000    0.250000   clock uncertainty
                                  0.000000    0.250000   clock reconvergence pessimism
                                 -2.000000   -1.750000   output external delay
                                             -1.750000   data required time
---------------------------------------------------------------------------------------------
                                             -1.750000   data required time
                                             -2.304771   data arrival time
---------------------------------------------------------------------------------------------
                                              4.054771   slack (MET)


Startpoint: a[14] (input port clocked by clk)
Endpoint: c[15] (output port clocked by clk)
Path Group: clk
Path Type: min

Fanout         Cap        Slew       Delay        Time   Description
---------------------------------------------------------------------------------------------
                      0.000000    0.000000    0.000000   clock clk (rise edge)
                                  0.000000    0.000000   clock network delay (ideal)
                                  2.000000    2.000000 ^ input external delay
     3    0.008550    0.046207    0.029278    2.029278 ^ a[14] (in)
                                                         a[14] (net)
                      0.046207    0.000000    2.029278 ^ _222_/A (sky130_fd_sc_hd__nand2_2)
     2    0.008452    0.043751    0.054029    2.083307 v _222_/Y (sky130_fd_sc_hd__nand2_2)
                                                         _054_ (net)
                      0.043751    0.000000    2.083307 v _227_/B1 (sky130_fd_sc_hd__o21ai_2)
     1    0.008442    0.069508    0.069185    2.152491 ^ _227_/Y (sky130_fd_sc_hd__o21ai_2)
                                                         _058_ (net)
                      0.069508    0.000000    2.152491 ^ _228_/B (sky130_fd_sc_hd__xnor2_2)
     1    0.033442    0.154994    0.153298    2.305789 v _228_/Y (sky130_fd_sc_hd__xnor2_2)
                                                         c[15] (net)
                      0.154994    0.000000    2.305789 v c[15] (out)
                                              2.305789   data arrival time

                      0.000000    0.000000    0.000000   clock clk (rise edge)
                                  0.000000    0.000000   clock network delay (ideal)
                                  0.250000    0.250000   clock uncertainty
                                  0.000000    0.250000   clock reconvergence pessimism
                                 -2.000000   -1.750000   output external delay
                                             -1.750000   data required time
---------------------------------------------------------------------------------------------
                                             -1.750000   data required time
                                             -2.305789   data arrival time
---------------------------------------------------------------------------------------------
                                              4.055789   slack (MET)


Startpoint: a[27] (input port clocked by clk)
Endpoint: c[27] (output port clocked by clk)
Path Group: clk
Path Type: min

Fanout         Cap        Slew       Delay        Time   Description
---------------------------------------------------------------------------------------------
                      0.000000    0.000000    0.000000   clock clk (rise edge)
                                  0.000000    0.000000   clock network delay (ideal)
                                  2.000000    2.000000 ^ input external delay
     2    0.006127    0.035375    0.021450    2.021450 ^ a[27] (in)
                                                         a[27] (net)
                      0.035375    0.000000    2.021450 ^ _307_/A (sky130_fd_sc_hd__nand2_2)
     2    0.006534    0.036447    0.045033    2.066483 v _307_/Y (sky130_fd_sc_hd__nand2_2)
                                                         _126_ (net)
                      0.036447    0.000000    2.066483 v _308_/B (sky130_fd_sc_hd__nand2_2)
     2    0.010536    0.068083    0.080378    2.146862 ^ _308_/Y (sky130_fd_sc_hd__nand2_2)
                                                         _127_ (net)
                      0.068083    0.000000    2.146862 ^ _310_/A (sky130_fd_sc_hd__xnor2_2)
     1    0.033442    0.154752    0.162337    2.309199 v _310_/Y (sky130_fd_sc_hd__xnor2_2)
                                                         c[27] (net)
                      0.154752    0.000000    2.309199 v c[27] (out)
                                              2.309199   data arrival time

                      0.000000    0.000000    0.000000   clock clk (rise edge)
                                  0.000000    0.000000   clock network delay (ideal)
                                  0.250000    0.250000   clock uncertainty
                                  0.000000    0.250000   clock reconvergence pessimism
                                 -2.000000   -1.750000   output external delay
                                             -1.750000   data required time
---------------------------------------------------------------------------------------------
                                             -1.750000   data required time
                                             -2.309199   data arrival time
---------------------------------------------------------------------------------------------
                                              4.059199   slack (MET)


Startpoint: a[12] (input port clocked by clk)
Endpoint: c[13] (output port clocked by clk)
Path Group: clk
Path Type: min

Fanout         Cap        Slew       Delay        Time   Description
---------------------------------------------------------------------------------------------
                      0.000000    0.000000    0.000000   clock clk (rise edge)
                                  0.000000    0.000000   clock network delay (ideal)
                                  2.000000    2.000000 ^ input external delay
     2    0.006127    0.035375    0.021450    2.021450 ^ a[12] (in)
                                                         a[12] (net)
                      0.035375    0.000000    2.021450 ^ _167_/A (sky130_fd_sc_hd__nand2_2)
     4    0.013095    0.060693    0.063594    2.085045 v _167_/Y (sky130_fd_sc_hd__nand2_2)
                                                         _000_ (net)
                      0.060693    0.000000    2.085045 v _219_/A (sky130_fd_sc_hd__nand2_2)
     1    0.008442    0.057073    0.074226    2.159271 ^ _219_/Y (sky130_fd_sc_hd__nand2_2)
                                                         _052_ (net)
                      0.057073    0.000000    2.159271 ^ _220_/B (sky130_fd_sc_hd__xnor2_2)
     1    0.033442    0.154807    0.150044    2.309315 v _220_/Y (sky130_fd_sc_hd__xnor2_2)
                                                         c[13] (net)
                      0.154807    0.000000    2.309315 v c[13] (out)
                                              2.309315   data arrival time

                      0.000000    0.000000    0.000000   clock clk (rise edge)
                                  0.000000    0.000000   clock network delay (ideal)
                                  0.250000    0.250000   clock uncertainty
                                  0.000000    0.250000   clock reconvergence pessimism
                                 -2.000000   -1.750000   output external delay
                                             -1.750000   data required time
---------------------------------------------------------------------------------------------
                                             -1.750000   data required time
                                             -2.309315   data arrival time
---------------------------------------------------------------------------------------------
                                              4.059316   slack (MET)


Startpoint: a[28] (input port clocked by clk)
Endpoint: c[28] (output port clocked by clk)
Path Group: clk
Path Type: min

Fanout         Cap        Slew       Delay        Time   Description
---------------------------------------------------------------------------------------------
                      0.000000    0.000000    0.000000   clock clk (rise edge)
                                  0.000000    0.000000   clock network delay (ideal)
                                  2.000000    2.000000 ^ input external delay
     2    0.006127    0.035375    0.021450    2.021450 ^ a[28] (in)
                                                         a[28] (net)
                      0.035375    0.000000    2.021450 ^ _312_/A (sky130_fd_sc_hd__nand2_2)
     2    0.008491    0.043669    0.050591    2.072041 v _312_/Y (sky130_fd_sc_hd__nand2_2)
                                                         _130_ (net)
                      0.043669    0.000000    2.072041 v _314_/B (sky130_fd_sc_hd__nand2_2)
     1    0.009040    0.062087    0.078234    2.150275 ^ _314_/Y (sky130_fd_sc_hd__nand2_2)
                                                         _132_ (net)
                      0.062087    0.000000    2.150275 ^ _319_/A (sky130_fd_sc_hd__xnor2_2)
     1    0.033442    0.155520    0.160751    2.311026 v _319_/Y (sky130_fd_sc_hd__xnor2_2)
                                                         c[28] (net)
                      0.155520    0.000000    2.311026 v c[28] (out)
                                              2.311026   data arrival time

                      0.000000    0.000000    0.000000   clock clk (rise edge)
                                  0.000000    0.000000   clock network delay (ideal)
                                  0.250000    0.250000   clock uncertainty
                                  0.000000    0.250000   clock reconvergence pessimism
                                 -2.000000   -1.750000   output external delay
                                             -1.750000   data required time
---------------------------------------------------------------------------------------------
                                             -1.750000   data required time
                                             -2.311026   data arrival time
---------------------------------------------------------------------------------------------
                                              4.061026   slack (MET)


Startpoint: b[31] (input port clocked by clk)
Endpoint: c[31] (output port clocked by clk)
Path Group: clk
Path Type: min

Fanout         Cap        Slew       Delay        Time   Description
---------------------------------------------------------------------------------------------
                      0.000000    0.000000    0.000000   clock clk (rise edge)
                                  0.000000    0.000000   clock network delay (ideal)
                                  2.000000    2.000000 ^ input external delay
     1    0.008493    0.045953    0.029094    2.029094 ^ b[31] (in)
                                                         b[31] (net)
                      0.045953    0.000000    2.029094 ^ _332_/B (sky130_fd_sc_hd__xor2_2)
     1    0.008077    0.044455    0.065879    2.094973 v _332_/X (sky130_fd_sc_hd__xor2_2)
                                                         _147_ (net)
                      0.044455    0.000000    2.094973 v _333_/B (sky130_fd_sc_hd__xnor2_2)
     1    0.033442    0.155497    0.216483    2.311455 v _333_/Y (sky130_fd_sc_hd__xnor2_2)
                                                         c[31] (net)
                      0.155497    0.000000    2.311455 v c[31] (out)
                                              2.311455   data arrival time

                      0.000000    0.000000    0.000000   clock clk (rise edge)
                                  0.000000    0.000000   clock network delay (ideal)
                                  0.250000    0.250000   clock uncertainty
                                  0.000000    0.250000   clock reconvergence pessimism
                                 -2.000000   -1.750000   output external delay
                                             -1.750000   data required time
---------------------------------------------------------------------------------------------
                                             -1.750000   data required time
                                             -2.311455   data arrival time
---------------------------------------------------------------------------------------------
                                              4.061455   slack (MET)


Startpoint: a[18] (input port clocked by clk)
Endpoint: c[18] (output port clocked by clk)
Path Group: clk
Path Type: min

Fanout         Cap        Slew       Delay        Time   Description
---------------------------------------------------------------------------------------------
                      0.000000    0.000000    0.000000   clock clk (rise edge)
                                  0.000000    0.000000   clock network delay (ideal)
                                  2.000000    2.000000 ^ input external delay
     2    0.006127    0.035375    0.021450    2.021450 ^ a[18] (in)
                                                         a[18] (net)
                      0.035375    0.000000    2.021450 ^ _247_/A (sky130_fd_sc_hd__nand2_2)
     3    0.007751    0.040938    0.048489    2.069940 v _247_/Y (sky130_fd_sc_hd__nand2_2)
                                                         _075_ (net)
                      0.040938    0.000000    2.069940 v _248_/B (sky130_fd_sc_hd__nand2_2)
     2    0.010610    0.067924    0.082623    2.152562 ^ _248_/Y (sky130_fd_sc_hd__nand2_2)
                                                         _076_ (net)
                      0.067924    0.000000    2.152562 ^ _251_/A (sky130_fd_sc_hd__xnor2_2)
     1    0.033442    0.155320    0.162295    2.314857 v _251_/Y (sky130_fd_sc_hd__xnor2_2)
                                                         c[18] (net)
                      0.155320    0.000000    2.314857 v c[18] (out)
                                              2.314857   data arrival time

                      0.000000    0.000000    0.000000   clock clk (rise edge)
                                  0.000000    0.000000   clock network delay (ideal)
                                  0.250000    0.250000   clock uncertainty
                                  0.000000    0.250000   clock reconvergence pessimism
                                 -2.000000   -1.750000   output external delay
                                             -1.750000   data required time
---------------------------------------------------------------------------------------------
                                             -1.750000   data required time
                                             -2.314857   data arrival time
---------------------------------------------------------------------------------------------
                                              4.064857   slack (MET)


Startpoint: a[3] (input port clocked by clk)
Endpoint: c[3] (output port clocked by clk)
Path Group: clk
Path Type: min

Fanout         Cap        Slew       Delay        Time   Description
---------------------------------------------------------------------------------------------
                      0.000000    0.000000    0.000000   clock clk (rise edge)
                                  0.000000    0.000000   clock network delay (ideal)
                                  2.000000    2.000000 v input external delay
     3    0.007137    0.018678    0.011526    2.011526 v a[3] (in)
                                                         a[3] (net)
                      0.018678    0.000000    2.011526 v _182_/A (sky130_fd_sc_hd__nand2_2)
     2    0.007017    0.048488    0.051334    2.062860 ^ _182_/Y (sky130_fd_sc_hd__nand2_2)
                                                         _015_ (net)
                      0.048488    0.000000    2.062860 ^ _340_/B1 (sky130_fd_sc_hd__o211a_2)
     1    0.004740    0.052457    0.172197    2.235058 ^ _340_/X (sky130_fd_sc_hd__o211a_2)
                                                         _151_ (net)
                      0.052457    0.000000    2.235058 ^ _341_/B (sky130_fd_sc_hd__nor2_2)
     1    0.033442    0.079252    0.084279    2.319337 v _341_/Y (sky130_fd_sc_hd__nor2_2)
                                                         c[3] (net)
                      0.079252    0.000000    2.319337 v c[3] (out)
                                              2.319337   data arrival time

                      0.000000    0.000000    0.000000   clock clk (rise edge)
                                  0.000000    0.000000   clock network delay (ideal)
                                  0.250000    0.250000   clock uncertainty
                                  0.000000    0.250000   clock reconvergence pessimism
                                 -2.000000   -1.750000   output external delay
                                             -1.750000   data required time
---------------------------------------------------------------------------------------------
                                             -1.750000   data required time
                                             -2.319337   data arrival time
---------------------------------------------------------------------------------------------
                                              4.069337   slack (MET)


Startpoint: b[2] (input port clocked by clk)
Endpoint: c[2] (output port clocked by clk)
Path Group: clk
Path Type: min

Fanout         Cap        Slew       Delay        Time   Description
---------------------------------------------------------------------------------------------
                      0.000000    0.000000    0.000000   clock clk (rise edge)
                                  0.000000    0.000000   clock network delay (ideal)
                                  2.000000    2.000000 v input external delay
     2    0.005539    0.015213    0.008939    2.008939 v b[2] (in)
                                                         b[2] (net)
                      0.015213    0.000000    2.008939 v _173_/B (sky130_fd_sc_hd__nor2_2)
     1    0.004740    0.081786    0.074830    2.083769 ^ _173_/Y (sky130_fd_sc_hd__nor2_2)
                                                         _006_ (net)
                      0.081786    0.000000    2.083769 ^ _174_/B (sky130_fd_sc_hd__nor2_2)
     2    0.005608    0.028644    0.043275    2.127044 v _174_/Y (sky130_fd_sc_hd__nor2_2)
                                                         _007_ (net)
                      0.028644    0.000000    2.127044 v _337_/A (sky130_fd_sc_hd__nor2_2)
     1    0.004740    0.081489    0.099732    2.226776 ^ _337_/Y (sky130_fd_sc_hd__nor2_2)
                                                         _149_ (net)
                      0.081489    0.000000    2.226776 ^ _338_/B (sky130_fd_sc_hd__nor2_2)
     1    0.033442    0.082381    0.094983    2.321759 v _338_/Y (sky130_fd_sc_hd__nor2_2)
                                                         c[2] (net)
                      0.082381    0.000000    2.321759 v c[2] (out)
                                              2.321759   data arrival time

                      0.000000    0.000000    0.000000   clock clk (rise edge)
                                  0.000000    0.000000   clock network delay (ideal)
                                  0.250000    0.250000   clock uncertainty
                                  0.000000    0.250000   clock reconvergence pessimism
                                 -2.000000   -1.750000   output external delay
                                             -1.750000   data required time
---------------------------------------------------------------------------------------------
                                             -1.750000   data required time
                                             -2.321759   data arrival time
---------------------------------------------------------------------------------------------
                                              4.071759   slack (MET)


Startpoint: b[4] (input port clocked by clk)
Endpoint: c[4] (output port clocked by clk)
Path Group: clk
Path Type: min

Fanout         Cap        Slew       Delay        Time   Description
---------------------------------------------------------------------------------------------
                      0.000000    0.000000    0.000000   clock clk (rise edge)
                                  0.000000    0.000000   clock network delay (ideal)
                                  2.000000    2.000000 ^ input external delay
     3    0.016040    0.079725    0.053125    2.053125 ^ b[4] (in)
                                                         b[4] (net)
                      0.079725    0.000000    2.053125 ^ _170_/B (sky130_fd_sc_hd__xor2_2)
     2    0.006476    0.040272    0.071798    2.124923 v _170_/X (sky130_fd_sc_hd__xor2_2)
                                                         _003_ (net)
                      0.040272    0.000000    2.124923 v _342_/A (sky130_fd_sc_hd__nor2_2)
     1    0.004740    0.081674    0.104558    2.229481 ^ _342_/Y (sky130_fd_sc_hd__nor2_2)
                                                         _152_ (net)
                      0.081674    0.000000    2.229481 ^ _343_/B (sky130_fd_sc_hd__nor2_2)
     1    0.033442    0.082401    0.095051    2.324533 v _343_/Y (sky130_fd_sc_hd__nor2_2)
                                                         c[4] (net)
                      0.082401    0.000000    2.324533 v c[4] (out)
                                              2.324533   data arrival time

                      0.000000    0.000000    0.000000   clock clk (rise edge)
                                  0.000000    0.000000   clock network delay (ideal)
                                  0.250000    0.250000   clock uncertainty
                                  0.000000    0.250000   clock reconvergence pessimism
                                 -2.000000   -1.750000   output external delay
                                             -1.750000   data required time
---------------------------------------------------------------------------------------------
                                             -1.750000   data required time
                                             -2.324533   data arrival time
---------------------------------------------------------------------------------------------
                                              4.074533   slack (MET)


Startpoint: a[19] (input port clocked by clk)
Endpoint: c[19] (output port clocked by clk)
Path Group: clk
Path Type: min

Fanout         Cap        Slew       Delay        Time   Description
---------------------------------------------------------------------------------------------
                      0.000000    0.000000    0.000000   clock clk (rise edge)
                                  0.000000    0.000000   clock network delay (ideal)
                                  2.000000    2.000000 ^ input external delay
     2    0.009168    0.048970    0.031274    2.031274 ^ a[19] (in)
                                                         a[19] (net)
                      0.048970    0.000000    2.031274 ^ _253_/A (sky130_fd_sc_hd__nand2_2)
     2    0.006599    0.037096    0.049666    2.080940 v _253_/Y (sky130_fd_sc_hd__nand2_2)
                                                         _080_ (net)
                      0.037096    0.000000    2.080940 v _254_/B (sky130_fd_sc_hd__nand2b_2)
     2    0.010536    0.072744    0.081235    2.162175 ^ _254_/Y (sky130_fd_sc_hd__nand2b_2)
                                                         _081_ (net)
                      0.072744    0.000000    2.162175 ^ _256_/A (sky130_fd_sc_hd__xnor2_2)
     1    0.033442    0.154825    0.163570    2.325746 v _256_/Y (sky130_fd_sc_hd__xnor2_2)
                                                         c[19] (net)
                      0.154825    0.000000    2.325746 v c[19] (out)
                                              2.325746   data arrival time

                      0.000000    0.000000    0.000000   clock clk (rise edge)
                                  0.000000    0.000000   clock network delay (ideal)
                                  0.250000    0.250000   clock uncertainty
                                  0.000000    0.250000   clock reconvergence pessimism
                                 -2.000000   -1.750000   output external delay
                                             -1.750000   data required time
---------------------------------------------------------------------------------------------
                                             -1.750000   data required time
                                             -2.325746   data arrival time
---------------------------------------------------------------------------------------------
                                              4.075746   slack (MET)


Startpoint: a[0] (input port clocked by clk)
Endpoint: c[0] (output port clocked by clk)
Path Group: clk
Path Type: min

Fanout         Cap        Slew       Delay        Time   Description
---------------------------------------------------------------------------------------------
                      0.000000    0.000000    0.000000   clock clk (rise edge)
                                  0.000000    0.000000   clock network delay (ideal)
                                  2.000000    2.000000 ^ input external delay
     2    0.006127    0.035375    0.021450    2.021450 ^ a[0] (in)
                                                         a[0] (net)
                      0.035375    0.000000    2.021450 ^ _176_/A (sky130_fd_sc_hd__nand2_2)
     3    0.013899    0.063690    0.065817    2.087268 v _176_/Y (sky130_fd_sc_hd__nand2_2)
                                                         _009_ (net)
                      0.063690    0.000000    2.087268 v _335_/A (sky130_fd_sc_hd__and2_2)
     1    0.033442    0.099867    0.246766    2.334033 v _335_/X (sky130_fd_sc_hd__and2_2)
                                                         c[0] (net)
                      0.099867    0.000000    2.334033 v c[0] (out)
                                              2.334033   data arrival time

                      0.000000    0.000000    0.000000   clock clk (rise edge)
                                  0.000000    0.000000   clock network delay (ideal)
                                  0.250000    0.250000   clock uncertainty
                                  0.000000    0.250000   clock reconvergence pessimism
                                 -2.000000   -1.750000   output external delay
                                             -1.750000   data required time
---------------------------------------------------------------------------------------------
                                             -1.750000   data required time
                                             -2.334033   data arrival time
---------------------------------------------------------------------------------------------
                                              4.084033   slack (MET)


Startpoint: a[24] (input port clocked by clk)
Endpoint: c[24] (output port clocked by clk)
Path Group: clk
Path Type: min

Fanout         Cap        Slew       Delay        Time   Description
---------------------------------------------------------------------------------------------
                      0.000000    0.000000    0.000000   clock clk (rise edge)
                                  0.000000    0.000000   clock network delay (ideal)
                                  2.000000    2.000000 ^ input external delay
     2    0.006127    0.035375    0.021450    2.021450 ^ a[24] (in)
                                                         a[24] (net)
                      0.035375    0.000000    2.021450 ^ _290_/A (sky130_fd_sc_hd__nand2_2)
     3    0.010757    0.052031    0.057026    2.078476 v _290_/Y (sky130_fd_sc_hd__nand2_2)
                                                         _112_ (net)
                      0.052031    0.000000    2.078476 v _291_/B (sky130_fd_sc_hd__nand2_2)
     3    0.014783    0.087591    0.102066    2.180542 ^ _291_/Y (sky130_fd_sc_hd__nand2_2)
                                                         _113_ (net)
                      0.087591    0.000000    2.180542 ^ _292_/B (sky130_fd_sc_hd__xor2_2)
     1    0.033442    0.101091    0.154417    2.334959 v _292_/X (sky130_fd_sc_hd__xor2_2)
                                                         c[24] (net)
                      0.101091    0.000000    2.334959 v c[24] (out)
                                              2.334959   data arrival time

                      0.000000    0.000000    0.000000   clock clk (rise edge)
                                  0.000000    0.000000   clock network delay (ideal)
                                  0.250000    0.250000   clock uncertainty
                                  0.000000    0.250000   clock reconvergence pessimism
                                 -2.000000   -1.750000   output external delay
                                             -1.750000   data required time
---------------------------------------------------------------------------------------------
                                             -1.750000   data required time
                                             -2.334959   data arrival time
---------------------------------------------------------------------------------------------
                                              4.084959   slack (MET)


Startpoint: a[4] (input port clocked by clk)
Endpoint: c[5] (output port clocked by clk)
Path Group: clk
Path Type: min

Fanout         Cap        Slew       Delay        Time   Description
---------------------------------------------------------------------------------------------
                      0.000000    0.000000    0.000000   clock clk (rise edge)
                                  0.000000    0.000000   clock network delay (ideal)
                                  2.000000    2.000000 ^ input external delay
     3    0.016488    0.081733    0.054523    2.054523 ^ a[4] (in)
                                                         a[4] (net)
                      0.081733    0.000000    2.054523 ^ _344_/A1 (sky130_fd_sc_hd__a21oi_2)
     1    0.008077    0.045175    0.068074    2.122597 v _344_/Y (sky130_fd_sc_hd__a21oi_2)
                                                         _153_ (net)
                      0.045175    0.000000    2.122597 v _345_/B (sky130_fd_sc_hd__xnor2_2)
     1    0.033442    0.155567    0.216777    2.339374 v _345_/Y (sky130_fd_sc_hd__xnor2_2)
                                                         c[5] (net)
                      0.155567    0.000000    2.339374 v c[5] (out)
                                              2.339374   data arrival time

                      0.000000    0.000000    0.000000   clock clk (rise edge)
                                  0.000000    0.000000   clock network delay (ideal)
                                  0.250000    0.250000   clock uncertainty
                                  0.000000    0.250000   clock reconvergence pessimism
                                 -2.000000   -1.750000   output external delay
                                             -1.750000   data required time
---------------------------------------------------------------------------------------------
                                             -1.750000   data required time
                                             -2.339374   data arrival time
---------------------------------------------------------------------------------------------
                                              4.089374   slack (MET)


Startpoint: a[12] (input port clocked by clk)
Endpoint: c[12] (output port clocked by clk)
Path Group: clk
Path Type: min

Fanout         Cap        Slew       Delay        Time   Description
---------------------------------------------------------------------------------------------
                      0.000000    0.000000    0.000000   clock clk (rise edge)
                                  0.000000    0.000000   clock network delay (ideal)
                                  2.000000    2.000000 ^ input external delay
     2    0.006127    0.035375    0.021450    2.021450 ^ a[12] (in)
                                                         a[12] (net)
                      0.035375    0.000000    2.021450 ^ _167_/A (sky130_fd_sc_hd__nand2_2)
     4    0.013095    0.060693    0.063594    2.085045 v _167_/Y (sky130_fd_sc_hd__nand2_2)
                                                         _000_ (net)
                      0.060693    0.000000    2.085045 v _169_/A (sky130_fd_sc_hd__nand2_2)
     3    0.013309    0.080340    0.091608    2.176653 ^ _169_/Y (sky130_fd_sc_hd__nand2_2)
                                                         _002_ (net)
                      0.080340    0.000000    2.176653 ^ _359_/A (sky130_fd_sc_hd__xnor2_2)
     1    0.033442    0.154791    0.165581    2.342234 v _359_/Y (sky130_fd_sc_hd__xnor2_2)
                                                         c[12] (net)
                      0.154791    0.000000    2.342234 v c[12] (out)
                                              2.342234   data arrival time

                      0.000000    0.000000    0.000000   clock clk (rise edge)
                                  0.000000    0.000000   clock network delay (ideal)
                                  0.250000    0.250000   clock uncertainty
                                  0.000000    0.250000   clock reconvergence pessimism
                                 -2.000000   -1.750000   output external delay
                                             -1.750000   data required time
---------------------------------------------------------------------------------------------
                                             -1.750000   data required time
                                             -2.342234   data arrival time
---------------------------------------------------------------------------------------------
                                              4.092233   slack (MET)


Startpoint: a[22] (input port clocked by clk)
Endpoint: c[22] (output port clocked by clk)
Path Group: clk
Path Type: min

Fanout         Cap        Slew       Delay        Time   Description
---------------------------------------------------------------------------------------------
                      0.000000    0.000000    0.000000   clock clk (rise edge)
                                  0.000000    0.000000   clock network delay (ideal)
                                  2.000000    2.000000 ^ input external delay
     2    0.006127    0.035375    0.021450    2.021450 ^ a[22] (in)
                                                         a[22] (net)
                      0.035375    0.000000    2.021450 ^ _274_/A (sky130_fd_sc_hd__nand2_2)
     3    0.010698    0.051813    0.056858    2.078309 v _274_/Y (sky130_fd_sc_hd__nand2_2)
                                                         _098_ (net)
                      0.051813    0.000000    2.078309 v _275_/B (sky130_fd_sc_hd__nand2_2)
     3    0.016016    0.093664    0.106205    2.184513 ^ _275_/Y (sky130_fd_sc_hd__nand2_2)
                                                         _099_ (net)
                      0.093664    0.000000    2.184513 ^ _278_/A (sky130_fd_sc_hd__xor2_2)
     1    0.033442    0.101087    0.162267    2.346780 v _278_/X (sky130_fd_sc_hd__xor2_2)
                                                         c[22] (net)
                      0.101087    0.000000    2.346780 v c[22] (out)
                                              2.346780   data arrival time

                      0.000000    0.000000    0.000000   clock clk (rise edge)
                                  0.000000    0.000000   clock network delay (ideal)
                                  0.250000    0.250000   clock uncertainty
                                  0.000000    0.250000   clock reconvergence pessimism
                                 -2.000000   -1.750000   output external delay
                                             -1.750000   data required time
---------------------------------------------------------------------------------------------
                                             -1.750000   data required time
                                             -2.346780   data arrival time
---------------------------------------------------------------------------------------------
                                              4.096780   slack (MET)


Startpoint: a[14] (input port clocked by clk)
Endpoint: c[14] (output port clocked by clk)
Path Group: clk
Path Type: min

Fanout         Cap        Slew       Delay        Time   Description
---------------------------------------------------------------------------------------------
                      0.000000    0.000000    0.000000   clock clk (rise edge)
                                  0.000000    0.000000   clock network delay (ideal)
                                  2.000000    2.000000 ^ input external delay
     3    0.008550    0.046207    0.029278    2.029278 ^ a[14] (in)
                                                         a[14] (net)
                      0.046207    0.000000    2.029278 ^ _222_/A (sky130_fd_sc_hd__nand2_2)
     2    0.008452    0.043751    0.054029    2.083307 v _222_/Y (sky130_fd_sc_hd__nand2_2)
                                                         _054_ (net)
                      0.043751    0.000000    2.083307 v _223_/B (sky130_fd_sc_hd__nand2_2)
     3    0.016016    0.093658    0.102635    2.185941 ^ _223_/Y (sky130_fd_sc_hd__nand2_2)
                                                         _055_ (net)
                      0.093658    0.000000    2.185941 ^ _225_/A (sky130_fd_sc_hd__xor2_2)
     1    0.033442    0.101087    0.162265    2.348206 v _225_/X (sky130_fd_sc_hd__xor2_2)
                                                         c[14] (net)
                      0.101087    0.000000    2.348206 v c[14] (out)
                                              2.348206   data arrival time

                      0.000000    0.000000    0.000000   clock clk (rise edge)
                                  0.000000    0.000000   clock network delay (ideal)
                                  0.250000    0.250000   clock uncertainty
                                  0.000000    0.250000   clock reconvergence pessimism
                                 -2.000000   -1.750000   output external delay
                                             -1.750000   data required time
---------------------------------------------------------------------------------------------
                                             -1.750000   data required time
                                             -2.348206   data arrival time
---------------------------------------------------------------------------------------------
                                              4.098206   slack (MET)


Startpoint: a[10] (input port clocked by clk)
Endpoint: c[10] (output port clocked by clk)
Path Group: clk
Path Type: min

Fanout         Cap        Slew       Delay        Time   Description
---------------------------------------------------------------------------------------------
                      0.000000    0.000000    0.000000   clock clk (rise edge)
                                  0.000000    0.000000   clock network delay (ideal)
                                  2.000000    2.000000 ^ input external delay
     2    0.006127    0.035375    0.021450    2.021450 ^ a[10] (in)
                                                         a[10] (net)
                      0.035375    0.000000    2.021450 ^ _206_/A (sky130_fd_sc_hd__nand2_2)
     3    0.010793    0.052163    0.057128    2.078578 v _206_/Y (sky130_fd_sc_hd__nand2_2)
                                                         _039_ (net)
                      0.052163    0.000000    2.078578 v _208_/A (sky130_fd_sc_hd__nand2_2)
     4    0.018575    0.105930    0.106189    2.184767 ^ _208_/Y (sky130_fd_sc_hd__nand2_2)
                                                         _041_ (net)
                      0.105930    0.000000    2.184767 ^ _356_/A (sky130_fd_sc_hd__xor2_2)
     1    0.033442    0.101101    0.166016    2.350783 v _356_/X (sky130_fd_sc_hd__xor2_2)
                                                         c[10] (net)
                      0.101101    0.000000    2.350783 v c[10] (out)
                                              2.350783   data arrival time

                      0.000000    0.000000    0.000000   clock clk (rise edge)
                                  0.000000    0.000000   clock network delay (ideal)
                                  0.250000    0.250000   clock uncertainty
                                  0.000000    0.250000   clock reconvergence pessimism
                                 -2.000000   -1.750000   output external delay
                                             -1.750000   data required time
---------------------------------------------------------------------------------------------
                                             -1.750000   data required time
                                             -2.350783   data arrival time
---------------------------------------------------------------------------------------------
                                              4.100783   slack (MET)


Startpoint: a[16] (input port clocked by clk)
Endpoint: c[16] (output port clocked by clk)
Path Group: clk
Path Type: min

Fanout         Cap        Slew       Delay        Time   Description
---------------------------------------------------------------------------------------------
                      0.000000    0.000000    0.000000   clock clk (rise edge)
                                  0.000000    0.000000   clock network delay (ideal)
                                  2.000000    2.000000 ^ input external delay
     2    0.006127    0.035375    0.021450    2.021450 ^ a[16] (in)
                                                         a[16] (net)
                      0.035375    0.000000    2.021450 ^ _238_/A (sky130_fd_sc_hd__nand2_2)
     3    0.010757    0.052031    0.057026    2.078476 v _238_/Y (sky130_fd_sc_hd__nand2_2)
                                                         _068_ (net)
                      0.052031    0.000000    2.078476 v _239_/B (sky130_fd_sc_hd__nand2_2)
     4    0.019524    0.110941    0.118349    2.196825 ^ _239_/Y (sky130_fd_sc_hd__nand2_2)
                                                         _069_ (net)
                      0.110941    0.000000    2.196825 ^ _240_/B (sky130_fd_sc_hd__xor2_2)
     1    0.033442    0.101070    0.162286    2.359111 v _240_/X (sky130_fd_sc_hd__xor2_2)
                                                         c[16] (net)
                      0.101070    0.000000    2.359111 v c[16] (out)
                                              2.359111   data arrival time

                      0.000000    0.000000    0.000000   clock clk (rise edge)
                                  0.000000    0.000000   clock network delay (ideal)
                                  0.250000    0.250000   clock uncertainty
                                  0.000000    0.250000   clock reconvergence pessimism
                                 -2.000000   -1.750000   output external delay
                                             -1.750000   data required time
---------------------------------------------------------------------------------------------
                                             -1.750000   data required time
                                             -2.359111   data arrival time
---------------------------------------------------------------------------------------------
                                              4.109111   slack (MET)


Startpoint: a[28] (input port clocked by clk)
Endpoint: c[29] (output port clocked by clk)
Path Group: clk
Path Type: min

Fanout         Cap        Slew       Delay        Time   Description
---------------------------------------------------------------------------------------------
                      0.000000    0.000000    0.000000   clock clk (rise edge)
                                  0.000000    0.000000   clock network delay (ideal)
                                  2.000000    2.000000 ^ input external delay
     2    0.006127    0.035375    0.021450    2.021450 ^ a[28] (in)
                                                         a[28] (net)
                      0.035375    0.000000    2.021450 ^ _312_/A (sky130_fd_sc_hd__nand2_2)
     2    0.008491    0.043669    0.050591    2.072041 v _312_/Y (sky130_fd_sc_hd__nand2_2)
                                                         _130_ (net)
                      0.043669    0.000000    2.072041 v _313_/A (sky130_fd_sc_hd__inv_2)
     2    0.007228    0.041310    0.054205    2.126246 ^ _313_/Y (sky130_fd_sc_hd__inv_2)
                                                         _131_ (net)
                      0.041310    0.000000    2.126246 ^ _323_/B1 (sky130_fd_sc_hd__a21o_2)
     1    0.008442    0.052398    0.098529    2.224776 ^ _323_/X (sky130_fd_sc_hd__a21o_2)
                                                         _140_ (net)
                      0.052398    0.000000    2.224776 ^ _324_/B (sky130_fd_sc_hd__xnor2_2)
     1    0.033442    0.154753    0.148784    2.373559 v _324_/Y (sky130_fd_sc_hd__xnor2_2)
                                                         c[29] (net)
                      0.154753    0.000000    2.373559 v c[29] (out)
                                              2.373559   data arrival time

                      0.000000    0.000000    0.000000   clock clk (rise edge)
                                  0.000000    0.000000   clock network delay (ideal)
                                  0.250000    0.250000   clock uncertainty
                                  0.000000    0.250000   clock reconvergence pessimism
                                 -2.000000   -1.750000   output external delay
                                             -1.750000   data required time
---------------------------------------------------------------------------------------------
                                             -1.750000   data required time
                                             -2.373559   data arrival time
---------------------------------------------------------------------------------------------
                                              4.123559   slack (MET)


Startpoint: b[5] (input port clocked by clk)
Endpoint: c[6] (output port clocked by clk)
Path Group: clk
Path Type: min

Fanout         Cap        Slew       Delay        Time   Description
---------------------------------------------------------------------------------------------
                      0.000000    0.000000    0.000000   clock clk (rise edge)
                                  0.000000    0.000000   clock network delay (ideal)
                                  2.000000    2.000000 ^ input external delay
     3    0.008634    0.046583    0.029549    2.029549 ^ b[5] (in)
                                                         b[5] (net)
                      0.046583    0.000000    2.029549 ^ _186_/B (sky130_fd_sc_hd__or2_2)
     3    0.005447    0.042128    0.104876    2.134425 ^ _186_/X (sky130_fd_sc_hd__or2_2)
                                                         _019_ (net)
                      0.042128    0.000000    2.134425 ^ _346_/C1 (sky130_fd_sc_hd__o211a_2)
     2    0.007175    0.065110    0.173678    2.308103 ^ _346_/X (sky130_fd_sc_hd__o211a_2)
                                                         _154_ (net)
                      0.065110    0.000000    2.308103 ^ _348_/A (sky130_fd_sc_hd__nor2_2)
     1    0.033442    0.084200    0.092890    2.400993 v _348_/Y (sky130_fd_sc_hd__nor2_2)
                                                         c[6] (net)
                      0.084200    0.000000    2.400993 v c[6] (out)
                                              2.400993   data arrival time

                      0.000000    0.000000    0.000000   clock clk (rise edge)
                                  0.000000    0.000000   clock network delay (ideal)
                                  0.250000    0.250000   clock uncertainty
                                  0.000000    0.250000   clock reconvergence pessimism
                                 -2.000000   -1.750000   output external delay
                                             -1.750000   data required time
---------------------------------------------------------------------------------------------
                                             -1.750000   data required time
                                             -2.400993   data arrival time
---------------------------------------------------------------------------------------------
                                              4.150992   slack (MET)


Startpoint: b[26] (input port clocked by clk)
Endpoint: c[26] (output port clocked by clk)
Path Group: clk
Path Type: min

Fanout         Cap        Slew       Delay        Time   Description
---------------------------------------------------------------------------------------------
                      0.000000    0.000000    0.000000   clock clk (rise edge)
                                  0.000000    0.000000   clock network delay (ideal)
                                  2.000000    2.000000 v input external delay
     2    0.005539    0.015213    0.008939    2.008939 v b[26] (in)
                                                         b[26] (net)
                      0.015213    0.000000    2.008939 v _298_/B (sky130_fd_sc_hd__nor2_2)
     2    0.006212    0.096776    0.086211    2.095150 ^ _298_/Y (sky130_fd_sc_hd__nor2_2)
                                                         _118_ (net)
                      0.096776    0.000000    2.095150 ^ _301_/A (sky130_fd_sc_hd__or2_2)
     2    0.010610    0.066592    0.144817    2.239967 ^ _301_/X (sky130_fd_sc_hd__or2_2)
                                                         _121_ (net)
                      0.066592    0.000000    2.239967 ^ _305_/A (sky130_fd_sc_hd__xnor2_2)
     1    0.033442    0.155195    0.161943    2.401910 v _305_/Y (sky130_fd_sc_hd__xnor2_2)
                                                         c[26] (net)
                      0.155195    0.000000    2.401910 v c[26] (out)
                                              2.401910   data arrival time

                      0.000000    0.000000    0.000000   clock clk (rise edge)
                                  0.000000    0.000000   clock network delay (ideal)
                                  0.250000    0.250000   clock uncertainty
                                  0.000000    0.250000   clock reconvergence pessimism
                                 -2.000000   -1.750000   output external delay
                                             -1.750000   data required time
---------------------------------------------------------------------------------------------
                                             -1.750000   data required time
                                             -2.401910   data arrival time
---------------------------------------------------------------------------------------------
                                              4.151910   slack (MET)


Startpoint: a[20] (input port clocked by clk)
Endpoint: c[20] (output port clocked by clk)
Path Group: clk
Path Type: min

Fanout         Cap        Slew       Delay        Time   Description
---------------------------------------------------------------------------------------------
                      0.000000    0.000000    0.000000   clock clk (rise edge)
                                  0.000000    0.000000   clock network delay (ideal)
                                  2.000000    2.000000 v input external delay
     2    0.005719    0.015603    0.009230    2.009230 v a[20] (in)
                                                         a[20] (net)
                      0.015603    0.000000    2.009230 v _258_/A (sky130_fd_sc_hd__nand2_2)
     3    0.011622    0.071283    0.066623    2.075854 ^ _258_/Y (sky130_fd_sc_hd__nand2_2)
                                                         _084_ (net)
                      0.071283    0.000000    2.075854 ^ _259_/B (sky130_fd_sc_hd__nand2_2)
     3    0.007178    0.039363    0.062745    2.138599 v _259_/Y (sky130_fd_sc_hd__nand2_2)
                                                         _085_ (net)
                      0.039363    0.000000    2.138599 v _265_/A (sky130_fd_sc_hd__nand2_2)
     1    0.001541    0.023093    0.039896    2.178495 ^ _265_/Y (sky130_fd_sc_hd__nand2_2)
                                                         _091_ (net)
                      0.023093    0.000000    2.178495 ^ _266_/B (sky130_fd_sc_hd__and2_2)
     1    0.033442    0.180706    0.235626    2.414121 ^ _266_/X (sky130_fd_sc_hd__and2_2)
                                                         c[20] (net)
                      0.180706    0.000000    2.414121 ^ c[20] (out)
                                              2.414121   data arrival time

                      0.000000    0.000000    0.000000   clock clk (rise edge)
                                  0.000000    0.000000   clock network delay (ideal)
                                  0.250000    0.250000   clock uncertainty
                                  0.000000    0.250000   clock reconvergence pessimism
                                 -2.000000   -1.750000   output external delay
                                             -1.750000   data required time
---------------------------------------------------------------------------------------------
                                             -1.750000   data required time
                                             -2.414121   data arrival time
---------------------------------------------------------------------------------------------
                                              4.164121   slack (MET)


Startpoint: a[8] (input port clocked by clk)
Endpoint: c[8] (output port clocked by clk)
Path Group: clk
Path Type: min

Fanout         Cap        Slew       Delay        Time   Description
---------------------------------------------------------------------------------------------
                      0.000000    0.000000    0.000000   clock clk (rise edge)
                                  0.000000    0.000000   clock network delay (ideal)
                                  2.000000    2.000000 ^ input external delay
     2    0.006127    0.035375    0.021450    2.021450 ^ a[8] (in)
                                                         a[8] (net)
                      0.035375    0.000000    2.021450 ^ _202_/A (sky130_fd_sc_hd__nand2_2)
     4    0.010246    0.050145    0.055574    2.077025 v _202_/Y (sky130_fd_sc_hd__nand2_2)
                                                         _035_ (net)
                      0.050145    0.000000    2.077025 v _204_/A (sky130_fd_sc_hd__and2_2)
     2    0.008491    0.048807    0.183968    2.260993 v _204_/X (sky130_fd_sc_hd__and2_2)
                                                         _037_ (net)
                      0.048807    0.000000    2.260993 v _205_/A (sky130_fd_sc_hd__inv_2)
     2    0.010250    0.054324    0.065942    2.326934 ^ _205_/Y (sky130_fd_sc_hd__inv_2)
                                                         _038_ (net)
                      0.054324    0.000000    2.326934 ^ _352_/B (sky130_fd_sc_hd__xnor2_2)
     1    0.033442    0.154765    0.149325    2.476259 v _352_/Y (sky130_fd_sc_hd__xnor2_2)
                                                         c[8] (net)
                      0.154765    0.000000    2.476259 v c[8] (out)
                                              2.476259   data arrival time

                      0.000000    0.000000    0.000000   clock clk (rise edge)
                                  0.000000    0.000000   clock network delay (ideal)
                                  0.250000    0.250000   clock uncertainty
                                  0.000000    0.250000   clock reconvergence pessimism
                                 -2.000000   -1.750000   output external delay
                                             -1.750000   data required time
---------------------------------------------------------------------------------------------
                                             -1.750000   data required time
                                             -2.476259   data arrival time
---------------------------------------------------------------------------------------------
                                              4.226259   slack (MET)



