
===========================================================================
report_checks -unconstrained
===========================================================================
======================= max_ss_100C_1v60 Corner ===================================

Startpoint: a[14] (input port clocked by clk)
Endpoint: c[31] (output port clocked by clk)
Path Group: clk
Path Type: max

Fanout         Cap        Slew       Delay        Time   Description
---------------------------------------------------------------------------------------------
                      0.000000    0.000000    0.000000   clock clk (rise edge)
                                  0.000000    0.000000   clock network delay (ideal)
                                  2.000000    2.000000 ^ input external delay
     1    0.002876    0.032748    0.016237    2.016237 ^ a[14] (in)
                                                         a[14] (net)
                      0.032748    0.000000    2.016237 ^ input6/A (sky130_fd_sc_hd__buf_1)
     3    0.009231    0.187157    0.217327    2.233563 ^ input6/X (sky130_fd_sc_hd__buf_1)
                                                         net6 (net)
                      0.187217    0.000469    2.234032 ^ _221_/A (sky130_fd_sc_hd__or2_1)
     1    0.009464    0.156478    0.284423    2.518455 ^ _221_/X (sky130_fd_sc_hd__or2_1)
                                                         _053_ (net)
                      0.156478    0.000651    2.519106 ^ _223_/A (sky130_fd_sc_hd__nand2_1)
     3    0.010486    0.188802    0.223155    2.742261 v _223_/Y (sky130_fd_sc_hd__nand2_1)
                                                         _055_ (net)
                      0.188802    0.000728    2.742989 v _229_/A (sky130_fd_sc_hd__or2_1)
     2    0.010566    0.165858    0.627448    3.370437 v _229_/X (sky130_fd_sc_hd__or2_1)
                                                         _059_ (net)
                      0.165860    0.000871    3.371308 v _230_/C (sky130_fd_sc_hd__or3_1)
     2    0.010741    0.219152    0.863772    4.235080 v _230_/X (sky130_fd_sc_hd__or3_1)
                                                         _060_ (net)
                      0.219152    0.000742    4.235822 v _231_/B (sky130_fd_sc_hd__nor2_1)
     1    0.010339    0.336967    0.356486    4.592308 ^ _231_/Y (sky130_fd_sc_hd__nor2_1)
                                                         _061_ (net)
                      0.336967    0.000809    4.593116 ^ _236_/A2 (sky130_fd_sc_hd__a21oi_4)
     5    0.028654    0.160981    0.266730    4.859847 v _236_/Y (sky130_fd_sc_hd__a21oi_4)
                                                         _066_ (net)
                      0.161263    0.004316    4.864162 v _288_/A1 (sky130_fd_sc_hd__o31a_2)
     4    0.024234    0.180140    0.813604    5.677766 v _288_/X (sky130_fd_sc_hd__o31a_2)
                                                         _110_ (net)
                      0.180152    0.001616    5.679382 v _318_/A1 (sky130_fd_sc_hd__o31ai_4)
     3    0.014930    0.404801    0.550053    6.229435 ^ _318_/Y (sky130_fd_sc_hd__o31ai_4)
                                                         _136_ (net)
                      0.404802    0.001189    6.230625 ^ _328_/A2 (sky130_fd_sc_hd__a211oi_2)
     2    0.011290    0.172417    0.305060    6.535685 v _328_/Y (sky130_fd_sc_hd__a211oi_2)
                                                         _144_ (net)
                      0.172419    0.000997    6.536682 v _331_/A3 (sky130_fd_sc_hd__o31a_1)
     1    0.005158    0.106618    0.516150    7.052831 v _331_/X (sky130_fd_sc_hd__o31a_1)
                                                         _146_ (net)
                      0.106619    0.000379    7.053211 v _333_/A (sky130_fd_sc_hd__xnor2_1)
     1    0.002435    0.177035    0.246486    7.299696 ^ _333_/Y (sky130_fd_sc_hd__xnor2_1)
                                                         net89 (net)
                      0.177035    0.000172    7.299869 ^ output89/A (sky130_fd_sc_hd__buf_2)
     1    0.034193    0.271990    0.392472    7.692341 ^ output89/X (sky130_fd_sc_hd__buf_2)
                                                         c[31] (net)
                      0.271996    0.001704    7.694046 ^ c[31] (out)
                                              7.694046   data arrival time

                      0.000000   10.000000   10.000000   clock clk (rise edge)
                                  0.000000   10.000000   clock network delay (ideal)
                                 -0.250000    9.750000   clock uncertainty
                                  0.000000    9.750000   clock reconvergence pessimism
                                 -2.000000    7.750000   output external delay
                                              7.750000   data required time
---------------------------------------------------------------------------------------------
                                              7.750000   data required time
                                             -7.694046   data arrival time
---------------------------------------------------------------------------------------------
                                              0.055954   slack (MET)




===========================================================================
report_checks --slack_max -0.01
============================================================================
======================= max_ss_100C_1v60 Corner ===================================

No paths found.


===========================================================================
 report_check_types -max_slew -max_cap -max_fanout -violators
============================================================================
======================= max_ss_100C_1v60 Corner ===================================



===========================================================================
report_parasitic_annotation -report_unannotated
============================================================================
Found 0 unannotated drivers.
Found 0 partially unannotated drivers.

===========================================================================
max slew violation count 0
max fanout violation count 0
max cap violation count 0
============================================================================

===========================================================================
check_setup -verbose -unconstrained_endpoints -multiple_clock -no_clock -no_input_delay -loops -generated_clocks
===========================================================================
