
===========================================================================
report_checks -unconstrained
===========================================================================
======================= nom_ss_100C_1v60 Corner ===================================

Startpoint: a[14] (input port clocked by clk)
Endpoint: c[31] (output port clocked by clk)
Path Group: clk
Path Type: max

Fanout         Cap        Slew       Delay        Time   Description
---------------------------------------------------------------------------------------------
                      0.000000    0.000000    0.000000   clock clk (rise edge)
                                  0.000000    0.000000   clock network delay (ideal)
                                  2.000000    2.000000 ^ input external delay
     1    0.002847    0.032562    0.016036    2.016036 ^ a[14] (in)
                                                         a[14] (net)
                      0.032562    0.000000    2.016036 ^ input6/A (sky130_fd_sc_hd__buf_1)
     3    0.009065    0.184108    0.215280    2.231316 ^ input6/X (sky130_fd_sc_hd__buf_1)
                                                         net6 (net)
                      0.184108    0.000210    2.231526 ^ _221_/A (sky130_fd_sc_hd__or2_1)
     1    0.009217    0.152984    0.280612    2.512138 ^ _221_/X (sky130_fd_sc_hd__or2_1)
                                                         _053_ (net)
                      0.152984    0.000369    2.512507 ^ _223_/A (sky130_fd_sc_hd__nand2_1)
     3    0.010330    0.186288    0.220092    2.732599 v _223_/Y (sky130_fd_sc_hd__nand2_1)
                                                         _055_ (net)
                      0.186288    0.000323    2.732922 v _229_/A (sky130_fd_sc_hd__or2_1)
     2    0.010046    0.160809    0.621371    3.354293 v _229_/X (sky130_fd_sc_hd__or2_1)
                                                         _059_ (net)
                      0.160809    0.000494    3.354787 v _230_/C (sky130_fd_sc_hd__or3_1)
     2    0.010424    0.215350    0.857965    4.212751 v _230_/X (sky130_fd_sc_hd__or3_1)
                                                         _060_ (net)
                      0.215350    0.000382    4.213134 v _231_/B (sky130_fd_sc_hd__nor2_1)
     1    0.010282    0.334877    0.354104    4.567238 ^ _231_/Y (sky130_fd_sc_hd__nor2_1)
                                                         _061_ (net)
                      0.334877    0.000315    4.567553 ^ _236_/A2 (sky130_fd_sc_hd__a21oi_4)
     5    0.027747    0.157522    0.264135    4.831688 v _236_/Y (sky130_fd_sc_hd__a21oi_4)
                                                         _066_ (net)
                      0.157568    0.002570    4.834258 v _288_/A1 (sky130_fd_sc_hd__o31a_2)
     4    0.023695    0.177913    0.810258    5.644515 v _288_/X (sky130_fd_sc_hd__o31a_2)
                                                         _110_ (net)
                      0.177913    0.000773    5.645288 v _318_/A1 (sky130_fd_sc_hd__o31ai_4)
     3    0.014648    0.400929    0.546075    6.191363 ^ _318_/Y (sky130_fd_sc_hd__o31ai_4)
                                                         _136_ (net)
                      0.400929    0.000548    6.191912 ^ _328_/A2 (sky130_fd_sc_hd__a211oi_2)
     2    0.010587    0.167297    0.299108    6.491019 v _328_/Y (sky130_fd_sc_hd__a211oi_2)
                                                         _144_ (net)
                      0.167298    0.000574    6.491594 v _331_/A3 (sky130_fd_sc_hd__o31a_1)
     1    0.005072    0.105959    0.513465    7.005059 v _331_/X (sky130_fd_sc_hd__o31a_1)
                                                         _146_ (net)
                      0.105959    0.000159    7.005218 v _333_/A (sky130_fd_sc_hd__xnor2_1)
     1    0.002356    0.174588    0.244208    7.249426 ^ _333_/Y (sky130_fd_sc_hd__xnor2_1)
                                                         net89 (net)
                      0.174588    0.000068    7.249494 ^ output89/A (sky130_fd_sc_hd__buf_2)
     1    0.034158    0.271528    0.391845    7.641338 ^ output89/X (sky130_fd_sc_hd__buf_2)
                                                         c[31] (net)
                      0.271528    0.000706    7.642045 ^ c[31] (out)
                                              7.642045   data arrival time

                      0.000000   10.000000   10.000000   clock clk (rise edge)
                                  0.000000   10.000000   clock network delay (ideal)
                                 -0.250000    9.750000   clock uncertainty
                                  0.000000    9.750000   clock reconvergence pessimism
                                 -2.000000    7.750000   output external delay
                                              7.750000   data required time
---------------------------------------------------------------------------------------------
                                              7.750000   data required time
                                             -7.642045   data arrival time
---------------------------------------------------------------------------------------------
                                              0.107955   slack (MET)




===========================================================================
report_checks --slack_max -0.01
============================================================================
======================= nom_ss_100C_1v60 Corner ===================================

No paths found.


===========================================================================
 report_check_types -max_slew -max_cap -max_fanout -violators
============================================================================
======================= nom_ss_100C_1v60 Corner ===================================



===========================================================================
report_parasitic_annotation -report_unannotated
============================================================================
Found 0 unannotated drivers.
Found 0 partially unannotated drivers.

===========================================================================
max slew violation count 0
max fanout violation count 0
max cap violation count 0
============================================================================

===========================================================================
check_setup -verbose -unconstrained_endpoints -multiple_clock -no_clock -no_input_delay -loops -generated_clocks
===========================================================================
