
===========================================================================
report_checks -path_delay min (Hold)
============================================================================
======================= nom_ss_100C_1v60 Corner ===================================

Startpoint: a[0] (input port clocked by clk)
Endpoint: c[1] (output port clocked by clk)
Path Group: clk
Path Type: min

Fanout         Cap        Slew       Delay        Time   Description
---------------------------------------------------------------------------------------------
                      0.000000    0.000000    0.000000   clock clk (rise edge)
                                  0.000000    0.000000   clock network delay (ideal)
                                  2.000000    2.000000 v input external delay
     2    0.005699    0.030877    0.018299    2.018299 v a[0] (in)
                                                         a[0] (net)
                      0.030877    0.000000    2.018299 v _176_/A (sky130_fd_sc_hd__nand2_2)
     3    0.015066    0.140692    0.130232    2.148531 ^ _176_/Y (sky130_fd_sc_hd__nand2_2)
                                                         _009_ (net)
                      0.140692    0.000000    2.148531 ^ _336_/A (sky130_fd_sc_hd__xnor2_2)
     1    0.033442    0.320898    0.354847    2.503379 v _336_/Y (sky130_fd_sc_hd__xnor2_2)
                                                         c[1] (net)
                      0.320898    0.000000    2.503379 v c[1] (out)
                                              2.503379   data arrival time

                      0.000000    0.000000    0.000000   clock clk (rise edge)
                                  0.000000    0.000000   clock network delay (ideal)
                                  0.250000    0.250000   clock uncertainty
                                  0.000000    0.250000   clock reconvergence pessimism
                                 -2.000000   -1.750000   output external delay
                                             -1.750000   data required time
---------------------------------------------------------------------------------------------
                                             -1.750000   data required time
                                             -2.503379   data arrival time
---------------------------------------------------------------------------------------------
                                              4.253379   slack (MET)


Startpoint: a[7] (input port clocked by clk)
Endpoint: c[7] (output port clocked by clk)
Path Group: clk
Path Type: min

Fanout         Cap        Slew       Delay        Time   Description
---------------------------------------------------------------------------------------------
                      0.000000    0.000000    0.000000   clock clk (rise edge)
                                  0.000000    0.000000   clock network delay (ideal)
                                  2.000000    2.000000 ^ input external delay
     2    0.006034    0.056120    0.032667    2.032667 ^ a[7] (in)
                                                         a[7] (net)
                      0.056120    0.000000    2.032667 ^ _188_/A (sky130_fd_sc_hd__nand2_2)
     3    0.006923    0.080179    0.096856    2.129523 v _188_/Y (sky130_fd_sc_hd__nand2_2)
                                                         _021_ (net)
                      0.080179    0.000000    2.129523 v _190_/A (sky130_fd_sc_hd__nand2_2)
     1    0.009061    0.094293    0.118740    2.248263 ^ _190_/Y (sky130_fd_sc_hd__nand2_2)
                                                         _023_ (net)
                      0.094293    0.000000    2.248263 ^ _350_/A (sky130_fd_sc_hd__xnor2_2)
     1    0.033442    0.320769    0.337853    2.586115 v _350_/Y (sky130_fd_sc_hd__xnor2_2)
                                                         c[7] (net)
                      0.320769    0.000000    2.586115 v c[7] (out)
                                              2.586115   data arrival time

                      0.000000    0.000000    0.000000   clock clk (rise edge)
                                  0.000000    0.000000   clock network delay (ideal)
                                  0.250000    0.250000   clock uncertainty
                                  0.000000    0.250000   clock reconvergence pessimism
                                 -2.000000   -1.750000   output external delay
                                             -1.750000   data required time
---------------------------------------------------------------------------------------------
                                             -1.750000   data required time
                                             -2.586115   data arrival time
---------------------------------------------------------------------------------------------
                                              4.336115   slack (MET)


Startpoint: b[2] (input port clocked by clk)
Endpoint: c[2] (output port clocked by clk)
Path Group: clk
Path Type: min

Fanout         Cap        Slew       Delay        Time   Description
---------------------------------------------------------------------------------------------
                      0.000000    0.000000    0.000000   clock clk (rise edge)
                                  0.000000    0.000000   clock network delay (ideal)
                                  2.000000    2.000000 v input external delay
     2    0.005534    0.030206    0.017792    2.017792 v b[2] (in)
                                                         b[2] (net)
                      0.030206    0.000000    2.017792 v _173_/B (sky130_fd_sc_hd__nor2_2)
     1    0.004682    0.133821    0.129710    2.147501 ^ _173_/Y (sky130_fd_sc_hd__nor2_2)
                                                         _006_ (net)
                      0.133821    0.000000    2.147501 ^ _174_/B (sky130_fd_sc_hd__nor2_2)
     2    0.005618    0.046999    0.091036    2.238538 v _174_/Y (sky130_fd_sc_hd__nor2_2)
                                                         _007_ (net)
                      0.046999    0.000000    2.238538 v _337_/A (sky130_fd_sc_hd__nor2_2)
     1    0.004682    0.133869    0.169801    2.408339 ^ _337_/Y (sky130_fd_sc_hd__nor2_2)
                                                         _149_ (net)
                      0.133869    0.000000    2.408339 ^ _338_/B (sky130_fd_sc_hd__nor2_2)
     1    0.033442    0.149089    0.180791    2.589129 v _338_/Y (sky130_fd_sc_hd__nor2_2)
                                                         c[2] (net)
                      0.149089    0.000000    2.589129 v c[2] (out)
                                              2.589129   data arrival time

                      0.000000    0.000000    0.000000   clock clk (rise edge)
                                  0.000000    0.000000   clock network delay (ideal)
                                  0.250000    0.250000   clock uncertainty
                                  0.000000    0.250000   clock reconvergence pessimism
                                 -2.000000   -1.750000   output external delay
                                             -1.750000   data required time
---------------------------------------------------------------------------------------------
                                             -1.750000   data required time
                                             -2.589129   data arrival time
---------------------------------------------------------------------------------------------
                                              4.339129   slack (MET)


Startpoint: a[8] (input port clocked by clk)
Endpoint: c[9] (output port clocked by clk)
Path Group: clk
Path Type: min

Fanout         Cap        Slew       Delay        Time   Description
---------------------------------------------------------------------------------------------
                      0.000000    0.000000    0.000000   clock clk (rise edge)
                                  0.000000    0.000000   clock network delay (ideal)
                                  2.000000    2.000000 ^ input external delay
     2    0.006034    0.056120    0.032667    2.032667 ^ a[8] (in)
                                                         a[8] (net)
                      0.056120    0.000000    2.032667 ^ _202_/A (sky130_fd_sc_hd__nand2_2)
     4    0.010326    0.107378    0.117713    2.150380 v _202_/Y (sky130_fd_sc_hd__nand2_2)
                                                         _035_ (net)
                      0.107378    0.000000    2.150380 v _353_/A (sky130_fd_sc_hd__nand2_2)
     1    0.008492    0.093286    0.128078    2.278458 ^ _353_/Y (sky130_fd_sc_hd__nand2_2)
                                                         _158_ (net)
                      0.093286    0.000000    2.278458 ^ _354_/B (sky130_fd_sc_hd__xnor2_2)
     1    0.033442    0.320797    0.316356    2.594814 v _354_/Y (sky130_fd_sc_hd__xnor2_2)
                                                         c[9] (net)
                      0.320797    0.000000    2.594814 v c[9] (out)
                                              2.594814   data arrival time

                      0.000000    0.000000    0.000000   clock clk (rise edge)
                                  0.000000    0.000000   clock network delay (ideal)
                                  0.250000    0.250000   clock uncertainty
                                  0.000000    0.250000   clock reconvergence pessimism
                                 -2.000000   -1.750000   output external delay
                                             -1.750000   data required time
---------------------------------------------------------------------------------------------
                                             -1.750000   data required time
                                             -2.594814   data arrival time
---------------------------------------------------------------------------------------------
                                              4.344813   slack (MET)


Startpoint: b[4] (input port clocked by clk)
Endpoint: c[4] (output port clocked by clk)
Path Group: clk
Path Type: min

Fanout         Cap        Slew       Delay        Time   Description
---------------------------------------------------------------------------------------------
                      0.000000    0.000000    0.000000   clock clk (rise edge)
                                  0.000000    0.000000   clock network delay (ideal)
                                  2.000000    2.000000 ^ input external delay
     3    0.016085    0.125311    0.082512    2.082512 ^ b[4] (in)
                                                         b[4] (net)
                      0.125311    0.000000    2.082512 ^ _170_/B (sky130_fd_sc_hd__xor2_2)
     2    0.006569    0.072654    0.151412    2.233924 v _170_/X (sky130_fd_sc_hd__xor2_2)
                                                         _003_ (net)
                      0.072654    0.000000    2.233924 v _342_/A (sky130_fd_sc_hd__nor2_2)
     1    0.004682    0.133717    0.181267    2.415192 ^ _342_/Y (sky130_fd_sc_hd__nor2_2)
                                                         _152_ (net)
                      0.133717    0.000000    2.415192 ^ _343_/B (sky130_fd_sc_hd__nor2_2)
     1    0.033442    0.149083    0.180719    2.595911 v _343_/Y (sky130_fd_sc_hd__nor2_2)
                                                         c[4] (net)
                      0.149083    0.000000    2.595911 v c[4] (out)
                                              2.595911   data arrival time

                      0.000000    0.000000    0.000000   clock clk (rise edge)
                                  0.000000    0.000000   clock network delay (ideal)
                                  0.250000    0.250000   clock uncertainty
                                  0.000000    0.250000   clock reconvergence pessimism
                                 -2.000000   -1.750000   output external delay
                                             -1.750000   data required time
---------------------------------------------------------------------------------------------
                                             -1.750000   data required time
                                             -2.595911   data arrival time
---------------------------------------------------------------------------------------------
                                              4.345912   slack (MET)


Startpoint: a[20] (input port clocked by clk)
Endpoint: c[21] (output port clocked by clk)
Path Group: clk
Path Type: min

Fanout         Cap        Slew       Delay        Time   Description
---------------------------------------------------------------------------------------------
                      0.000000    0.000000    0.000000   clock clk (rise edge)
                                  0.000000    0.000000   clock network delay (ideal)
                                  2.000000    2.000000 ^ input external delay
     2    0.006034    0.056120    0.032667    2.032667 ^ a[20] (in)
                                                         a[20] (net)
                      0.056120    0.000000    2.032667 ^ _258_/A (sky130_fd_sc_hd__nand2_2)
     3    0.010886    0.111838    0.121145    2.153812 v _258_/Y (sky130_fd_sc_hd__nand2_2)
                                                         _084_ (net)
                      0.111838    0.000000    2.153812 v _271_/A (sky130_fd_sc_hd__nand2_2)
     1    0.008492    0.093852    0.130146    2.283958 ^ _271_/Y (sky130_fd_sc_hd__nand2_2)
                                                         _096_ (net)
                      0.093852    0.000000    2.283958 ^ _272_/B (sky130_fd_sc_hd__xnor2_2)
     1    0.033442    0.320856    0.316563    2.600522 v _272_/Y (sky130_fd_sc_hd__xnor2_2)
                                                         c[21] (net)
                      0.320856    0.000000    2.600522 v c[21] (out)
                                              2.600522   data arrival time

                      0.000000    0.000000    0.000000   clock clk (rise edge)
                                  0.000000    0.000000   clock network delay (ideal)
                                  0.250000    0.250000   clock uncertainty
                                  0.000000    0.250000   clock reconvergence pessimism
                                 -2.000000   -1.750000   output external delay
                                             -1.750000   data required time
---------------------------------------------------------------------------------------------
                                             -1.750000   data required time
                                             -2.600522   data arrival time
---------------------------------------------------------------------------------------------
                                              4.350522   slack (MET)


Startpoint: a[14] (input port clocked by clk)
Endpoint: c[15] (output port clocked by clk)
Path Group: clk
Path Type: min

Fanout         Cap        Slew       Delay        Time   Description
---------------------------------------------------------------------------------------------
                      0.000000    0.000000    0.000000   clock clk (rise edge)
                                  0.000000    0.000000   clock network delay (ideal)
                                  2.000000    2.000000 ^ input external delay
     3    0.008461    0.072827    0.044703    2.044703 ^ a[14] (in)
                                                         a[14] (net)
                      0.072827    0.000000    2.044703 ^ _222_/A (sky130_fd_sc_hd__nand2_2)
     2    0.008511    0.092696    0.113145    2.157848 v _222_/Y (sky130_fd_sc_hd__nand2_2)
                                                         _054_ (net)
                      0.092696    0.000000    2.157848 v _227_/B1 (sky130_fd_sc_hd__o21ai_2)
     1    0.008492    0.109579    0.124319    2.282167 ^ _227_/Y (sky130_fd_sc_hd__o21ai_2)
                                                         _058_ (net)
                      0.109579    0.000000    2.282167 ^ _228_/B (sky130_fd_sc_hd__xnor2_2)
     1    0.033442    0.320850    0.322332    2.604499 v _228_/Y (sky130_fd_sc_hd__xnor2_2)
                                                         c[15] (net)
                      0.320850    0.000000    2.604499 v c[15] (out)
                                              2.604499   data arrival time

                      0.000000    0.000000    0.000000   clock clk (rise edge)
                                  0.000000    0.000000   clock network delay (ideal)
                                  0.250000    0.250000   clock uncertainty
                                  0.000000    0.250000   clock reconvergence pessimism
                                 -2.000000   -1.750000   output external delay
                                             -1.750000   data required time
---------------------------------------------------------------------------------------------
                                             -1.750000   data required time
                                             -2.604499   data arrival time
---------------------------------------------------------------------------------------------
                                              4.354499   slack (MET)


Startpoint: a[30] (input port clocked by clk)
Endpoint: c[30] (output port clocked by clk)
Path Group: clk
Path Type: min

Fanout         Cap        Slew       Delay        Time   Description
---------------------------------------------------------------------------------------------
                      0.000000    0.000000    0.000000   clock clk (rise edge)
                                  0.000000    0.000000   clock network delay (ideal)
                                  2.000000    2.000000 ^ input external delay
     2    0.006034    0.056120    0.032667    2.032667 ^ a[30] (in)
                                                         a[30] (net)
                      0.056120    0.000000    2.032667 ^ _325_/A (sky130_fd_sc_hd__nand2_2)
     2    0.006629    0.077813    0.095054    2.127721 v _325_/Y (sky130_fd_sc_hd__nand2_2)
                                                         _141_ (net)
                      0.077813    0.000000    2.127721 v _327_/A (sky130_fd_sc_hd__nand2_2)
     2    0.011565    0.113837    0.132052    2.259773 ^ _327_/Y (sky130_fd_sc_hd__nand2_2)
                                                         _143_ (net)
                      0.113837    0.000000    2.259773 ^ _330_/A (sky130_fd_sc_hd__xnor2_2)
     1    0.033442    0.320820    0.345011    2.604784 v _330_/Y (sky130_fd_sc_hd__xnor2_2)
                                                         c[30] (net)
                      0.320820    0.000000    2.604784 v c[30] (out)
                                              2.604784   data arrival time

                      0.000000    0.000000    0.000000   clock clk (rise edge)
                                  0.000000    0.000000   clock network delay (ideal)
                                  0.250000    0.250000   clock uncertainty
                                  0.000000    0.250000   clock reconvergence pessimism
                                 -2.000000   -1.750000   output external delay
                                             -1.750000   data required time
---------------------------------------------------------------------------------------------
                                             -1.750000   data required time
                                             -2.604784   data arrival time
---------------------------------------------------------------------------------------------
                                              4.354784   slack (MET)


Startpoint: b[31] (input port clocked by clk)
Endpoint: c[31] (output port clocked by clk)
Path Group: clk
Path Type: min

Fanout         Cap        Slew       Delay        Time   Description
---------------------------------------------------------------------------------------------
                      0.000000    0.000000    0.000000   clock clk (rise edge)
                                  0.000000    0.000000   clock network delay (ideal)
                                  2.000000    2.000000 ^ input external delay
     1    0.008542    0.073385    0.045105    2.045105 ^ b[31] (in)
                                                         b[31] (net)
                      0.073385    0.000000    2.045105 ^ _332_/B (sky130_fd_sc_hd__xor2_2)
     1    0.008219    0.080198    0.140443    2.185547 v _332_/X (sky130_fd_sc_hd__xor2_2)
                                                         _147_ (net)
                      0.080198    0.000000    2.185547 v _333_/B (sky130_fd_sc_hd__xnor2_2)
     1    0.033442    0.320760    0.422811    2.608358 v _333_/Y (sky130_fd_sc_hd__xnor2_2)
                                                         c[31] (net)
                      0.320760    0.000000    2.608358 v c[31] (out)
                                              2.608358   data arrival time

                      0.000000    0.000000    0.000000   clock clk (rise edge)
                                  0.000000    0.000000   clock network delay (ideal)
                                  0.250000    0.250000   clock uncertainty
                                  0.000000    0.250000   clock reconvergence pessimism
                                 -2.000000   -1.750000   output external delay
                                             -1.750000   data required time
---------------------------------------------------------------------------------------------
                                             -1.750000   data required time
                                             -2.608358   data arrival time
---------------------------------------------------------------------------------------------
                                              4.358358   slack (MET)


Startpoint: a[22] (input port clocked by clk)
Endpoint: c[23] (output port clocked by clk)
Path Group: clk
Path Type: min

Fanout         Cap        Slew       Delay        Time   Description
---------------------------------------------------------------------------------------------
                      0.000000    0.000000    0.000000   clock clk (rise edge)
                                  0.000000    0.000000   clock network delay (ideal)
                                  2.000000    2.000000 ^ input external delay
     2    0.006034    0.056120    0.032667    2.032667 ^ a[22] (in)
                                                         a[22] (net)
                      0.056120    0.000000    2.032667 ^ _274_/A (sky130_fd_sc_hd__nand2_2)
     3    0.010797    0.111130    0.120600    2.153267 v _274_/Y (sky130_fd_sc_hd__nand2_2)
                                                         _098_ (net)
                      0.111130    0.000000    2.153267 v _282_/B1 (sky130_fd_sc_hd__o21ai_2)
     1    0.008492    0.111667    0.132871    2.286137 ^ _282_/Y (sky130_fd_sc_hd__o21ai_2)
                                                         _105_ (net)
                      0.111667    0.000000    2.286137 ^ _283_/B (sky130_fd_sc_hd__xnor2_2)
     1    0.033442    0.320818    0.323098    2.609235 v _283_/Y (sky130_fd_sc_hd__xnor2_2)
                                                         c[23] (net)
                      0.320818    0.000000    2.609235 v c[23] (out)
                                              2.609235   data arrival time

                      0.000000    0.000000    0.000000   clock clk (rise edge)
                                  0.000000    0.000000   clock network delay (ideal)
                                  0.250000    0.250000   clock uncertainty
                                  0.000000    0.250000   clock reconvergence pessimism
                                 -2.000000   -1.750000   output external delay
                                             -1.750000   data required time
---------------------------------------------------------------------------------------------
                                             -1.750000   data required time
                                             -2.609235   data arrival time
---------------------------------------------------------------------------------------------
                                              4.359235   slack (MET)


Startpoint: a[16] (input port clocked by clk)
Endpoint: c[17] (output port clocked by clk)
Path Group: clk
Path Type: min

Fanout         Cap        Slew       Delay        Time   Description
---------------------------------------------------------------------------------------------
                      0.000000    0.000000    0.000000   clock clk (rise edge)
                                  0.000000    0.000000   clock network delay (ideal)
                                  2.000000    2.000000 ^ input external delay
     2    0.006034    0.056120    0.032667    2.032667 ^ a[16] (in)
                                                         a[16] (net)
                      0.056120    0.000000    2.032667 ^ _238_/A (sky130_fd_sc_hd__nand2_2)
     3    0.010857    0.111607    0.120968    2.153635 v _238_/Y (sky130_fd_sc_hd__nand2_2)
                                                         _068_ (net)
                      0.111607    0.000000    2.153635 v _244_/B1 (sky130_fd_sc_hd__o21ai_2)
     1    0.008492    0.111721    0.133092    2.286727 ^ _244_/Y (sky130_fd_sc_hd__o21ai_2)
                                                         _073_ (net)
                      0.111721    0.000000    2.286727 ^ _245_/B (sky130_fd_sc_hd__xnor2_2)
     1    0.033442    0.320895    0.323118    2.609844 v _245_/Y (sky130_fd_sc_hd__xnor2_2)
                                                         c[17] (net)
                      0.320895    0.000000    2.609844 v c[17] (out)
                                              2.609844   data arrival time

                      0.000000    0.000000    0.000000   clock clk (rise edge)
                                  0.000000    0.000000   clock network delay (ideal)
                                  0.250000    0.250000   clock uncertainty
                                  0.000000    0.250000   clock reconvergence pessimism
                                 -2.000000   -1.750000   output external delay
                                             -1.750000   data required time
---------------------------------------------------------------------------------------------
                                             -1.750000   data required time
                                             -2.609844   data arrival time
---------------------------------------------------------------------------------------------
                                              4.359844   slack (MET)


Startpoint: a[24] (input port clocked by clk)
Endpoint: c[25] (output port clocked by clk)
Path Group: clk
Path Type: min

Fanout         Cap        Slew       Delay        Time   Description
---------------------------------------------------------------------------------------------
                      0.000000    0.000000    0.000000   clock clk (rise edge)
                                  0.000000    0.000000   clock network delay (ideal)
                                  2.000000    2.000000 ^ input external delay
     2    0.006034    0.056120    0.032667    2.032667 ^ a[24] (in)
                                                         a[24] (net)
                      0.056120    0.000000    2.032667 ^ _290_/A (sky130_fd_sc_hd__nand2_2)
     3    0.010857    0.111607    0.120968    2.153635 v _290_/Y (sky130_fd_sc_hd__nand2_2)
                                                         _112_ (net)
                      0.111607    0.000000    2.153635 v _296_/B1 (sky130_fd_sc_hd__o21ai_2)
     1    0.008492    0.111721    0.133092    2.286727 ^ _296_/Y (sky130_fd_sc_hd__o21ai_2)
                                                         _117_ (net)
                      0.111721    0.000000    2.286727 ^ _297_/B (sky130_fd_sc_hd__xnor2_2)
     1    0.033442    0.320797    0.323118    2.609844 v _297_/Y (sky130_fd_sc_hd__xnor2_2)
                                                         c[25] (net)
                      0.320797    0.000000    2.609844 v c[25] (out)
                                              2.609844   data arrival time

                      0.000000    0.000000    0.000000   clock clk (rise edge)
                                  0.000000    0.000000   clock network delay (ideal)
                                  0.250000    0.250000   clock uncertainty
                                  0.000000    0.250000   clock reconvergence pessimism
                                 -2.000000   -1.750000   output external delay
                                             -1.750000   data required time
---------------------------------------------------------------------------------------------
                                             -1.750000   data required time
                                             -2.609844   data arrival time
---------------------------------------------------------------------------------------------
                                              4.359844   slack (MET)


Startpoint: a[10] (input port clocked by clk)
Endpoint: c[11] (output port clocked by clk)
Path Group: clk
Path Type: min

Fanout         Cap        Slew       Delay        Time   Description
---------------------------------------------------------------------------------------------
                      0.000000    0.000000    0.000000   clock clk (rise edge)
                                  0.000000    0.000000   clock network delay (ideal)
                                  2.000000    2.000000 ^ input external delay
     2    0.006034    0.056120    0.032667    2.032667 ^ a[10] (in)
                                                         a[10] (net)
                      0.056120    0.000000    2.032667 ^ _206_/A (sky130_fd_sc_hd__nand2_2)
     3    0.010891    0.111878    0.121176    2.153843 v _206_/Y (sky130_fd_sc_hd__nand2_2)
                                                         _039_ (net)
                      0.111878    0.000000    2.153843 v _357_/B1 (sky130_fd_sc_hd__o21ai_2)
     1    0.008492    0.111752    0.133218    2.287061 ^ _357_/Y (sky130_fd_sc_hd__o21ai_2)
                                                         _160_ (net)
                      0.111752    0.000000    2.287061 ^ _358_/B (sky130_fd_sc_hd__xnor2_2)
     1    0.033442    0.320798    0.323129    2.610189 v _358_/Y (sky130_fd_sc_hd__xnor2_2)
                                                         c[11] (net)
                      0.320798    0.000000    2.610189 v c[11] (out)
                                              2.610189   data arrival time

                      0.000000    0.000000    0.000000   clock clk (rise edge)
                                  0.000000    0.000000   clock network delay (ideal)
                                  0.250000    0.250000   clock uncertainty
                                  0.000000    0.250000   clock reconvergence pessimism
                                 -2.000000   -1.750000   output external delay
                                             -1.750000   data required time
---------------------------------------------------------------------------------------------
                                             -1.750000   data required time
                                             -2.610189   data arrival time
---------------------------------------------------------------------------------------------
                                              4.360189   slack (MET)


Startpoint: a[27] (input port clocked by clk)
Endpoint: c[27] (output port clocked by clk)
Path Group: clk
Path Type: min

Fanout         Cap        Slew       Delay        Time   Description
---------------------------------------------------------------------------------------------
                      0.000000    0.000000    0.000000   clock clk (rise edge)
                                  0.000000    0.000000   clock network delay (ideal)
                                  2.000000    2.000000 ^ input external delay
     2    0.006034    0.056120    0.032667    2.032667 ^ a[27] (in)
                                                         a[27] (net)
                      0.056120    0.000000    2.032667 ^ _307_/A (sky130_fd_sc_hd__nand2_2)
     2    0.006593    0.077523    0.094833    2.127500 v _307_/Y (sky130_fd_sc_hd__nand2_2)
                                                         _126_ (net)
                      0.077523    0.000000    2.127500 v _308_/B (sky130_fd_sc_hd__nand2_2)
     2    0.010478    0.112292    0.139284    2.266784 ^ _308_/Y (sky130_fd_sc_hd__nand2_2)
                                                         _127_ (net)
                      0.112292    0.000000    2.266784 ^ _310_/A (sky130_fd_sc_hd__xnor2_2)
     1    0.033442    0.320797    0.344445    2.611230 v _310_/Y (sky130_fd_sc_hd__xnor2_2)
                                                         c[27] (net)
                      0.320797    0.000000    2.611230 v c[27] (out)
                                              2.611230   data arrival time

                      0.000000    0.000000    0.000000   clock clk (rise edge)
                                  0.000000    0.000000   clock network delay (ideal)
                                  0.250000    0.250000   clock uncertainty
                                  0.000000    0.250000   clock reconvergence pessimism
                                 -2.000000   -1.750000   output external delay
                                             -1.750000   data required time
---------------------------------------------------------------------------------------------
                                             -1.750000   data required time
                                             -2.611230   data arrival time
---------------------------------------------------------------------------------------------
                                              4.361230   slack (MET)


Startpoint: a[28] (input port clocked by clk)
Endpoint: c[28] (output port clocked by clk)
Path Group: clk
Path Type: min

Fanout         Cap        Slew       Delay        Time   Description
---------------------------------------------------------------------------------------------
                      0.000000    0.000000    0.000000   clock clk (rise edge)
                                  0.000000    0.000000   clock network delay (ideal)
                                  2.000000    2.000000 ^ input external delay
     2    0.006034    0.056120    0.032667    2.032667 ^ a[28] (in)
                                                         a[28] (net)
                      0.056120    0.000000    2.032667 ^ _312_/A (sky130_fd_sc_hd__nand2_2)
     2    0.008541    0.093163    0.106773    2.139440 v _312_/Y (sky130_fd_sc_hd__nand2_2)
                                                         _130_ (net)
                      0.093163    0.000000    2.139440 v _314_/B (sky130_fd_sc_hd__nand2_2)
     1    0.009061    0.103640    0.138702    2.278141 ^ _314_/Y (sky130_fd_sc_hd__nand2_2)
                                                         _132_ (net)
                      0.103640    0.000000    2.278141 ^ _319_/A (sky130_fd_sc_hd__xnor2_2)
     1    0.033442    0.320771    0.341276    2.619417 v _319_/Y (sky130_fd_sc_hd__xnor2_2)
                                                         c[28] (net)
                      0.320771    0.000000    2.619417 v c[28] (out)
                                              2.619417   data arrival time

                      0.000000    0.000000    0.000000   clock clk (rise edge)
                                  0.000000    0.000000   clock network delay (ideal)
                                  0.250000    0.250000   clock uncertainty
                                  0.000000    0.250000   clock reconvergence pessimism
                                 -2.000000   -1.750000   output external delay
                                             -1.750000   data required time
---------------------------------------------------------------------------------------------
                                             -1.750000   data required time
                                             -2.619417   data arrival time
---------------------------------------------------------------------------------------------
                                              4.369417   slack (MET)


Startpoint: a[0] (input port clocked by clk)
Endpoint: c[0] (output port clocked by clk)
Path Group: clk
Path Type: min

Fanout         Cap        Slew       Delay        Time   Description
---------------------------------------------------------------------------------------------
                      0.000000    0.000000    0.000000   clock clk (rise edge)
                                  0.000000    0.000000   clock network delay (ideal)
                                  2.000000    2.000000 v input external delay
     2    0.005699    0.030877    0.018299    2.018299 v a[0] (in)
                                                         a[0] (net)
                      0.030877    0.000000    2.018299 v _176_/A (sky130_fd_sc_hd__nand2_2)
     3    0.015066    0.140692    0.130232    2.148531 ^ _176_/Y (sky130_fd_sc_hd__nand2_2)
                                                         _009_ (net)
                      0.140692    0.000000    2.148531 ^ _335_/A (sky130_fd_sc_hd__and2_2)
     1    0.033442    0.294858    0.471177    2.619708 ^ _335_/X (sky130_fd_sc_hd__and2_2)
                                                         c[0] (net)
                      0.294858    0.000000    2.619708 ^ c[0] (out)
                                              2.619708   data arrival time

                      0.000000    0.000000    0.000000   clock clk (rise edge)
                                  0.000000    0.000000   clock network delay (ideal)
                                  0.250000    0.250000   clock uncertainty
                                  0.000000    0.250000   clock reconvergence pessimism
                                 -2.000000   -1.750000   output external delay
                                             -1.750000   data required time
---------------------------------------------------------------------------------------------
                                             -1.750000   data required time
                                             -2.619708   data arrival time
---------------------------------------------------------------------------------------------
                                              4.369708   slack (MET)


Startpoint: a[18] (input port clocked by clk)
Endpoint: c[18] (output port clocked by clk)
Path Group: clk
Path Type: min

Fanout         Cap        Slew       Delay        Time   Description
---------------------------------------------------------------------------------------------
                      0.000000    0.000000    0.000000   clock clk (rise edge)
                                  0.000000    0.000000   clock network delay (ideal)
                                  2.000000    2.000000 ^ input external delay
     2    0.006034    0.056120    0.032667    2.032667 ^ a[18] (in)
                                                         a[18] (net)
                      0.056120    0.000000    2.032667 ^ _247_/A (sky130_fd_sc_hd__nand2_2)
     3    0.007761    0.086926    0.101992    2.134659 v _247_/Y (sky130_fd_sc_hd__nand2_2)
                                                         _075_ (net)
                      0.086926    0.000000    2.134659 v _248_/B (sky130_fd_sc_hd__nand2_2)
     2    0.010549    0.111801    0.144176    2.278835 ^ _248_/Y (sky130_fd_sc_hd__nand2_2)
                                                         _076_ (net)
                      0.111801    0.000000    2.278835 ^ _251_/A (sky130_fd_sc_hd__xnor2_2)
     1    0.033442    0.320801    0.344266    2.623101 v _251_/Y (sky130_fd_sc_hd__xnor2_2)
                                                         c[18] (net)
                      0.320801    0.000000    2.623101 v c[18] (out)
                                              2.623101   data arrival time

                      0.000000    0.000000    0.000000   clock clk (rise edge)
                                  0.000000    0.000000   clock network delay (ideal)
                                  0.250000    0.250000   clock uncertainty
                                  0.000000    0.250000   clock reconvergence pessimism
                                 -2.000000   -1.750000   output external delay
                                             -1.750000   data required time
---------------------------------------------------------------------------------------------
                                             -1.750000   data required time
                                             -2.623101   data arrival time
---------------------------------------------------------------------------------------------
                                              4.373100   slack (MET)


Startpoint: a[12] (input port clocked by clk)
Endpoint: c[13] (output port clocked by clk)
Path Group: clk
Path Type: min

Fanout         Cap        Slew       Delay        Time   Description
---------------------------------------------------------------------------------------------
                      0.000000    0.000000    0.000000   clock clk (rise edge)
                                  0.000000    0.000000   clock network delay (ideal)
                                  2.000000    2.000000 ^ input external delay
     2    0.006034    0.056120    0.032667    2.032667 ^ a[12] (in)
                                                         a[12] (net)
                      0.056120    0.000000    2.032667 ^ _167_/A (sky130_fd_sc_hd__nand2_2)
     4    0.013238    0.130570    0.135561    2.168228 v _167_/Y (sky130_fd_sc_hd__nand2_2)
                                                         _000_ (net)
                      0.130570    0.000000    2.168228 v _219_/A (sky130_fd_sc_hd__nand2_2)
     1    0.008492    0.096230    0.138832    2.307060 ^ _219_/Y (sky130_fd_sc_hd__nand2_2)
                                                         _052_ (net)
                      0.096230    0.000000    2.307060 ^ _220_/B (sky130_fd_sc_hd__xnor2_2)
     1    0.033442    0.320822    0.317436    2.624496 v _220_/Y (sky130_fd_sc_hd__xnor2_2)
                                                         c[13] (net)
                      0.320822    0.000000    2.624496 v c[13] (out)
                                              2.624496   data arrival time

                      0.000000    0.000000    0.000000   clock clk (rise edge)
                                  0.000000    0.000000   clock network delay (ideal)
                                  0.250000    0.250000   clock uncertainty
                                  0.000000    0.250000   clock reconvergence pessimism
                                 -2.000000   -1.750000   output external delay
                                             -1.750000   data required time
---------------------------------------------------------------------------------------------
                                             -1.750000   data required time
                                             -2.624496   data arrival time
---------------------------------------------------------------------------------------------
                                              4.374496   slack (MET)


Startpoint: a[19] (input port clocked by clk)
Endpoint: c[19] (output port clocked by clk)
Path Group: clk
Path Type: min

Fanout         Cap        Slew       Delay        Time   Description
---------------------------------------------------------------------------------------------
                      0.000000    0.000000    0.000000   clock clk (rise edge)
                                  0.000000    0.000000   clock network delay (ideal)
                                  2.000000    2.000000 ^ input external delay
     2    0.009131    0.077440    0.048026    2.048026 ^ a[19] (in)
                                                         a[19] (net)
                      0.077440    0.000000    2.048026 ^ _253_/A (sky130_fd_sc_hd__nand2_2)
     2    0.006535    0.076962    0.102713    2.150739 v _253_/Y (sky130_fd_sc_hd__nand2_2)
                                                         _080_ (net)
                      0.076962    0.000000    2.150739 v _254_/B (sky130_fd_sc_hd__nand2b_2)
     2    0.010478    0.113172    0.135810    2.286548 ^ _254_/Y (sky130_fd_sc_hd__nand2b_2)
                                                         _081_ (net)
                      0.113172    0.000000    2.286548 ^ _256_/A (sky130_fd_sc_hd__xnor2_2)
     1    0.033442    0.320818    0.344768    2.631316 v _256_/Y (sky130_fd_sc_hd__xnor2_2)
                                                         c[19] (net)
                      0.320818    0.000000    2.631316 v c[19] (out)
                                              2.631316   data arrival time

                      0.000000    0.000000    0.000000   clock clk (rise edge)
                                  0.000000    0.000000   clock network delay (ideal)
                                  0.250000    0.250000   clock uncertainty
                                  0.000000    0.250000   clock reconvergence pessimism
                                 -2.000000   -1.750000   output external delay
                                             -1.750000   data required time
---------------------------------------------------------------------------------------------
                                             -1.750000   data required time
                                             -2.631316   data arrival time
---------------------------------------------------------------------------------------------
                                              4.381316   slack (MET)


Startpoint: a[4] (input port clocked by clk)
Endpoint: c[5] (output port clocked by clk)
Path Group: clk
Path Type: min

Fanout         Cap        Slew       Delay        Time   Description
---------------------------------------------------------------------------------------------
                      0.000000    0.000000    0.000000   clock clk (rise edge)
                                  0.000000    0.000000   clock network delay (ideal)
                                  2.000000    2.000000 ^ input external delay
     3    0.016484    0.128058    0.084491    2.084491 ^ a[4] (in)
                                                         a[4] (net)
                      0.128058    0.000000    2.084491 ^ _344_/A1 (sky130_fd_sc_hd__a21oi_2)
     1    0.008219    0.073757    0.146640    2.231131 v _344_/Y (sky130_fd_sc_hd__a21oi_2)
                                                         _153_ (net)
                      0.073757    0.000000    2.231131 v _345_/B (sky130_fd_sc_hd__xnor2_2)
     1    0.033442    0.320850    0.419964    2.651096 v _345_/Y (sky130_fd_sc_hd__xnor2_2)
                                                         c[5] (net)
                      0.320850    0.000000    2.651096 v c[5] (out)
                                              2.651096   data arrival time

                      0.000000    0.000000    0.000000   clock clk (rise edge)
                                  0.000000    0.000000   clock network delay (ideal)
                                  0.250000    0.250000   clock uncertainty
                                  0.000000    0.250000   clock reconvergence pessimism
                                 -2.000000   -1.750000   output external delay
                                             -1.750000   data required time
---------------------------------------------------------------------------------------------
                                             -1.750000   data required time
                                             -2.651096   data arrival time
---------------------------------------------------------------------------------------------
                                              4.401095   slack (MET)


Startpoint: a[3] (input port clocked by clk)
Endpoint: c[3] (output port clocked by clk)
Path Group: clk
Path Type: min

Fanout         Cap        Slew       Delay        Time   Description
---------------------------------------------------------------------------------------------
                      0.000000    0.000000    0.000000   clock clk (rise edge)
                                  0.000000    0.000000   clock network delay (ideal)
                                  2.000000    2.000000 v input external delay
     3    0.007071    0.036467    0.022441    2.022441 v a[3] (in)
                                                         a[3] (net)
                      0.036467    0.000000    2.022441 v _182_/A (sky130_fd_sc_hd__nand2_2)
     2    0.007021    0.078016    0.087168    2.109609 ^ _182_/Y (sky130_fd_sc_hd__nand2_2)
                                                         _015_ (net)
                      0.078016    0.000000    2.109609 ^ _340_/B1 (sky130_fd_sc_hd__o211a_2)
     1    0.004682    0.095726    0.381836    2.491445 ^ _340_/X (sky130_fd_sc_hd__o211a_2)
                                                         _151_ (net)
                      0.095726    0.000000    2.491445 ^ _341_/B (sky130_fd_sc_hd__nor2_2)
     1    0.033442    0.147479    0.162871    2.654316 v _341_/Y (sky130_fd_sc_hd__nor2_2)
                                                         c[3] (net)
                      0.147479    0.000000    2.654316 v c[3] (out)
                                              2.654316   data arrival time

                      0.000000    0.000000    0.000000   clock clk (rise edge)
                                  0.000000    0.000000   clock network delay (ideal)
                                  0.250000    0.250000   clock uncertainty
                                  0.000000    0.250000   clock reconvergence pessimism
                                 -2.000000   -1.750000   output external delay
                                             -1.750000   data required time
---------------------------------------------------------------------------------------------
                                             -1.750000   data required time
                                             -2.654316   data arrival time
---------------------------------------------------------------------------------------------
                                              4.404316   slack (MET)


Startpoint: a[24] (input port clocked by clk)
Endpoint: c[24] (output port clocked by clk)
Path Group: clk
Path Type: min

Fanout         Cap        Slew       Delay        Time   Description
---------------------------------------------------------------------------------------------
                      0.000000    0.000000    0.000000   clock clk (rise edge)
                                  0.000000    0.000000   clock network delay (ideal)
                                  2.000000    2.000000 ^ input external delay
     2    0.006034    0.056120    0.032667    2.032667 ^ a[24] (in)
                                                         a[24] (net)
                      0.056120    0.000000    2.032667 ^ _290_/A (sky130_fd_sc_hd__nand2_2)
     3    0.010857    0.111607    0.120968    2.153635 v _290_/Y (sky130_fd_sc_hd__nand2_2)
                                                         _112_ (net)
                      0.111607    0.000000    2.153635 v _291_/B (sky130_fd_sc_hd__nand2_2)
     3    0.014721    0.141112    0.179855    2.333490 ^ _291_/Y (sky130_fd_sc_hd__nand2_2)
                                                         _113_ (net)
                      0.141112    0.000000    2.333490 ^ _292_/B (sky130_fd_sc_hd__xor2_2)
     1    0.033442    0.184906    0.325128    2.658618 v _292_/X (sky130_fd_sc_hd__xor2_2)
                                                         c[24] (net)
                      0.184906    0.000000    2.658618 v c[24] (out)
                                              2.658618   data arrival time

                      0.000000    0.000000    0.000000   clock clk (rise edge)
                                  0.000000    0.000000   clock network delay (ideal)
                                  0.250000    0.250000   clock uncertainty
                                  0.000000    0.250000   clock reconvergence pessimism
                                 -2.000000   -1.750000   output external delay
                                             -1.750000   data required time
---------------------------------------------------------------------------------------------
                                             -1.750000   data required time
                                             -2.658618   data arrival time
---------------------------------------------------------------------------------------------
                                              4.408617   slack (MET)


Startpoint: a[14] (input port clocked by clk)
Endpoint: c[14] (output port clocked by clk)
Path Group: clk
Path Type: min

Fanout         Cap        Slew       Delay        Time   Description
---------------------------------------------------------------------------------------------
                      0.000000    0.000000    0.000000   clock clk (rise edge)
                                  0.000000    0.000000   clock network delay (ideal)
                                  2.000000    2.000000 ^ input external delay
     3    0.008461    0.072827    0.044703    2.044703 ^ a[14] (in)
                                                         a[14] (net)
                      0.072827    0.000000    2.044703 ^ _222_/A (sky130_fd_sc_hd__nand2_2)
     2    0.008511    0.092696    0.113145    2.157848 v _222_/Y (sky130_fd_sc_hd__nand2_2)
                                                         _054_ (net)
                      0.092696    0.000000    2.157848 v _223_/B (sky130_fd_sc_hd__nand2_2)
     3    0.015929    0.150014    0.177625    2.335474 ^ _223_/Y (sky130_fd_sc_hd__nand2_2)
                                                         _055_ (net)
                      0.150014    0.000000    2.335474 ^ _225_/A (sky130_fd_sc_hd__xor2_2)
     1    0.033442    0.184897    0.342044    2.677517 v _225_/X (sky130_fd_sc_hd__xor2_2)
                                                         c[14] (net)
                      0.184897    0.000000    2.677517 v c[14] (out)
                                              2.677517   data arrival time

                      0.000000    0.000000    0.000000   clock clk (rise edge)
                                  0.000000    0.000000   clock network delay (ideal)
                                  0.250000    0.250000   clock uncertainty
                                  0.000000    0.250000   clock reconvergence pessimism
                                 -2.000000   -1.750000   output external delay
                                             -1.750000   data required time
---------------------------------------------------------------------------------------------
                                             -1.750000   data required time
                                             -2.677517   data arrival time
---------------------------------------------------------------------------------------------
                                              4.427517   slack (MET)


Startpoint: a[22] (input port clocked by clk)
Endpoint: c[22] (output port clocked by clk)
Path Group: clk
Path Type: min

Fanout         Cap        Slew       Delay        Time   Description
---------------------------------------------------------------------------------------------
                      0.000000    0.000000    0.000000   clock clk (rise edge)
                                  0.000000    0.000000   clock network delay (ideal)
                                  2.000000    2.000000 ^ input external delay
     2    0.006034    0.056120    0.032667    2.032667 ^ a[22] (in)
                                                         a[22] (net)
                      0.056120    0.000000    2.032667 ^ _274_/A (sky130_fd_sc_hd__nand2_2)
     3    0.010797    0.111130    0.120600    2.153267 v _274_/Y (sky130_fd_sc_hd__nand2_2)
                                                         _098_ (net)
                      0.111130    0.000000    2.153267 v _275_/B (sky130_fd_sc_hd__nand2_2)
     3    0.015929    0.150016    0.186510    2.339777 ^ _275_/Y (sky130_fd_sc_hd__nand2_2)
                                                         _099_ (net)
                      0.150016    0.000000    2.339777 ^ _278_/A (sky130_fd_sc_hd__xor2_2)
     1    0.033442    0.184896    0.342045    2.681822 v _278_/X (sky130_fd_sc_hd__xor2_2)
                                                         c[22] (net)
                      0.184896    0.000000    2.681822 v c[22] (out)
                                              2.681822   data arrival time

                      0.000000    0.000000    0.000000   clock clk (rise edge)
                                  0.000000    0.000000   clock network delay (ideal)
                                  0.250000    0.250000   clock uncertainty
                                  0.000000    0.250000   clock reconvergence pessimism
                                 -2.000000   -1.750000   output external delay
                                             -1.750000   data required time
---------------------------------------------------------------------------------------------
                                             -1.750000   data required time
                                             -2.681822   data arrival time
---------------------------------------------------------------------------------------------
                                              4.431822   slack (MET)


Startpoint: a[12] (input port clocked by clk)
Endpoint: c[12] (output port clocked by clk)
Path Group: clk
Path Type: min

Fanout         Cap        Slew       Delay        Time   Description
---------------------------------------------------------------------------------------------
                      0.000000    0.000000    0.000000   clock clk (rise edge)
                                  0.000000    0.000000   clock network delay (ideal)
                                  2.000000    2.000000 ^ input external delay
     2    0.006034    0.056120    0.032667    2.032667 ^ a[12] (in)
                                                         a[12] (net)
                      0.056120    0.000000    2.032667 ^ _167_/A (sky130_fd_sc_hd__nand2_2)
     4    0.013238    0.130570    0.135561    2.168228 v _167_/Y (sky130_fd_sc_hd__nand2_2)
                                                         _000_ (net)
                      0.130570    0.000000    2.168228 v _169_/A (sky130_fd_sc_hd__nand2_2)
     3    0.013239    0.130792    0.166321    2.334549 ^ _169_/Y (sky130_fd_sc_hd__nand2_2)
                                                         _002_ (net)
                      0.130792    0.000000    2.334549 ^ _359_/A (sky130_fd_sc_hd__xnor2_2)
     1    0.033442    0.320855    0.351221    2.685770 v _359_/Y (sky130_fd_sc_hd__xnor2_2)
                                                         c[12] (net)
                      0.320855    0.000000    2.685770 v c[12] (out)
                                              2.685770   data arrival time

                      0.000000    0.000000    0.000000   clock clk (rise edge)
                                  0.000000    0.000000   clock network delay (ideal)
                                  0.250000    0.250000   clock uncertainty
                                  0.000000    0.250000   clock reconvergence pessimism
                                 -2.000000   -1.750000   output external delay
                                             -1.750000   data required time
---------------------------------------------------------------------------------------------
                                             -1.750000   data required time
                                             -2.685770   data arrival time
---------------------------------------------------------------------------------------------
                                              4.435770   slack (MET)


Startpoint: a[10] (input port clocked by clk)
Endpoint: c[10] (output port clocked by clk)
Path Group: clk
Path Type: min

Fanout         Cap        Slew       Delay        Time   Description
---------------------------------------------------------------------------------------------
                      0.000000    0.000000    0.000000   clock clk (rise edge)
                                  0.000000    0.000000   clock network delay (ideal)
                                  2.000000    2.000000 ^ input external delay
     2    0.006034    0.056120    0.032667    2.032667 ^ a[10] (in)
                                                         a[10] (net)
                      0.056120    0.000000    2.032667 ^ _206_/A (sky130_fd_sc_hd__nand2_2)
     3    0.010891    0.111878    0.121176    2.153843 v _206_/Y (sky130_fd_sc_hd__nand2_2)
                                                         _039_ (net)
                      0.111878    0.000000    2.153843 v _208_/A (sky130_fd_sc_hd__nand2_2)
     4    0.018485    0.168931    0.187705    2.341548 ^ _208_/Y (sky130_fd_sc_hd__nand2_2)
                                                         _041_ (net)
                      0.168931    0.000000    2.341548 ^ _356_/A (sky130_fd_sc_hd__xor2_2)
     1    0.033442    0.184883    0.349389    2.690938 v _356_/X (sky130_fd_sc_hd__xor2_2)
                                                         c[10] (net)
                      0.184883    0.000000    2.690938 v c[10] (out)
                                              2.690938   data arrival time

                      0.000000    0.000000    0.000000   clock clk (rise edge)
                                  0.000000    0.000000   clock network delay (ideal)
                                  0.250000    0.250000   clock uncertainty
                                  0.000000    0.250000   clock reconvergence pessimism
                                 -2.000000   -1.750000   output external delay
                                             -1.750000   data required time
---------------------------------------------------------------------------------------------
                                             -1.750000   data required time
                                             -2.690938   data arrival time
---------------------------------------------------------------------------------------------
                                              4.440938   slack (MET)


Startpoint: a[16] (input port clocked by clk)
Endpoint: c[16] (output port clocked by clk)
Path Group: clk
Path Type: min

Fanout         Cap        Slew       Delay        Time   Description
---------------------------------------------------------------------------------------------
                      0.000000    0.000000    0.000000   clock clk (rise edge)
                                  0.000000    0.000000   clock network delay (ideal)
                                  2.000000    2.000000 ^ input external delay
     2    0.006034    0.056120    0.032667    2.032667 ^ a[16] (in)
                                                         a[16] (net)
                      0.056120    0.000000    2.032667 ^ _238_/A (sky130_fd_sc_hd__nand2_2)
     3    0.010857    0.111607    0.120968    2.153635 v _238_/Y (sky130_fd_sc_hd__nand2_2)
                                                         _068_ (net)
                      0.111607    0.000000    2.153635 v _239_/B (sky130_fd_sc_hd__nand2_2)
     4    0.019446    0.176655    0.206434    2.360069 ^ _239_/Y (sky130_fd_sc_hd__nand2_2)
                                                         _069_ (net)
                      0.176655    0.000000    2.360069 ^ _240_/B (sky130_fd_sc_hd__xor2_2)
     1    0.033442    0.184925    0.339607    2.699676 v _240_/X (sky130_fd_sc_hd__xor2_2)
                                                         c[16] (net)
                      0.184925    0.000000    2.699676 v c[16] (out)
                                              2.699676   data arrival time

                      0.000000    0.000000    0.000000   clock clk (rise edge)
                                  0.000000    0.000000   clock network delay (ideal)
                                  0.250000    0.250000   clock uncertainty
                                  0.000000    0.250000   clock reconvergence pessimism
                                 -2.000000   -1.750000   output external delay
                                             -1.750000   data required time
---------------------------------------------------------------------------------------------
                                             -1.750000   data required time
                                             -2.699676   data arrival time
---------------------------------------------------------------------------------------------
                                              4.449676   slack (MET)


Startpoint: a[28] (input port clocked by clk)
Endpoint: c[29] (output port clocked by clk)
Path Group: clk
Path Type: min

Fanout         Cap        Slew       Delay        Time   Description
---------------------------------------------------------------------------------------------
                      0.000000    0.000000    0.000000   clock clk (rise edge)
                                  0.000000    0.000000   clock network delay (ideal)
                                  2.000000    2.000000 ^ input external delay
     2    0.006034    0.056120    0.032667    2.032667 ^ a[28] (in)
                                                         a[28] (net)
                      0.056120    0.000000    2.032667 ^ _312_/A (sky130_fd_sc_hd__nand2_2)
     2    0.008541    0.093163    0.106773    2.139440 v _312_/Y (sky130_fd_sc_hd__nand2_2)
                                                         _130_ (net)
                      0.093163    0.000000    2.139440 v _313_/A (sky130_fd_sc_hd__inv_2)
     2    0.007177    0.067478    0.099302    2.238741 ^ _313_/Y (sky130_fd_sc_hd__inv_2)
                                                         _131_ (net)
                      0.067478    0.000000    2.238741 ^ _323_/B1 (sky130_fd_sc_hd__a21o_2)
     1    0.008492    0.085967    0.179713    2.418454 ^ _323_/X (sky130_fd_sc_hd__a21o_2)
                                                         _140_ (net)
                      0.085967    0.000000    2.418454 ^ _324_/B (sky130_fd_sc_hd__xnor2_2)
     1    0.033442    0.320921    0.313671    2.732126 v _324_/Y (sky130_fd_sc_hd__xnor2_2)
                                                         c[29] (net)
                      0.320921    0.000000    2.732126 v c[29] (out)
                                              2.732126   data arrival time

                      0.000000    0.000000    0.000000   clock clk (rise edge)
                                  0.000000    0.000000   clock network delay (ideal)
                                  0.250000    0.250000   clock uncertainty
                                  0.000000    0.250000   clock reconvergence pessimism
                                 -2.000000   -1.750000   output external delay
                                             -1.750000   data required time
---------------------------------------------------------------------------------------------
                                             -1.750000   data required time
                                             -2.732126   data arrival time
---------------------------------------------------------------------------------------------
                                              4.482126   slack (MET)


Startpoint: b[26] (input port clocked by clk)
Endpoint: c[26] (output port clocked by clk)
Path Group: clk
Path Type: min

Fanout         Cap        Slew       Delay        Time   Description
---------------------------------------------------------------------------------------------
                      0.000000    0.000000    0.000000   clock clk (rise edge)
                                  0.000000    0.000000   clock network delay (ideal)
                                  2.000000    2.000000 v input external delay
     2    0.005534    0.030206    0.017792    2.017792 v b[26] (in)
                                                         b[26] (net)
                      0.030206    0.000000    2.017792 v _298_/B (sky130_fd_sc_hd__nor2_2)
     2    0.006097    0.157193    0.147334    2.165126 ^ _298_/Y (sky130_fd_sc_hd__nor2_2)
                                                         _118_ (net)
                      0.157193    0.000000    2.165126 ^ _301_/A (sky130_fd_sc_hd__or2_2)
     2    0.010549    0.107345    0.263070    2.428196 ^ _301_/X (sky130_fd_sc_hd__or2_2)
                                                         _121_ (net)
                      0.107345    0.000000    2.428196 ^ _305_/A (sky130_fd_sc_hd__xnor2_2)
     1    0.033442    0.320941    0.342633    2.770829 v _305_/Y (sky130_fd_sc_hd__xnor2_2)
                                                         c[26] (net)
                      0.320941    0.000000    2.770829 v c[26] (out)
                                              2.770829   data arrival time

                      0.000000    0.000000    0.000000   clock clk (rise edge)
                                  0.000000    0.000000   clock network delay (ideal)
                                  0.250000    0.250000   clock uncertainty
                                  0.000000    0.250000   clock reconvergence pessimism
                                 -2.000000   -1.750000   output external delay
                                             -1.750000   data required time
---------------------------------------------------------------------------------------------
                                             -1.750000   data required time
                                             -2.770829   data arrival time
---------------------------------------------------------------------------------------------
                                              4.520829   slack (MET)


Startpoint: a[20] (input port clocked by clk)
Endpoint: c[20] (output port clocked by clk)
Path Group: clk
Path Type: min

Fanout         Cap        Slew       Delay        Time   Description
---------------------------------------------------------------------------------------------
                      0.000000    0.000000    0.000000   clock clk (rise edge)
                                  0.000000    0.000000   clock network delay (ideal)
                                  2.000000    2.000000 v input external delay
     2    0.005699    0.030877    0.018299    2.018299 v a[20] (in)
                                                         a[20] (net)
                      0.030877    0.000000    2.018299 v _258_/A (sky130_fd_sc_hd__nand2_2)
     3    0.011612    0.113774    0.110655    2.128954 ^ _258_/Y (sky130_fd_sc_hd__nand2_2)
                                                         _084_ (net)
                      0.113774    0.000000    2.128954 ^ _259_/B (sky130_fd_sc_hd__nand2_2)
     3    0.007112    0.081666    0.132760    2.261714 v _259_/Y (sky130_fd_sc_hd__nand2_2)
                                                         _085_ (net)
                      0.081666    0.000000    2.261714 v _265_/A (sky130_fd_sc_hd__nand2_2)
     1    0.001460    0.037456    0.074990    2.336704 ^ _265_/Y (sky130_fd_sc_hd__nand2_2)
                                                         _091_ (net)
                      0.037456    0.000000    2.336704 ^ _266_/B (sky130_fd_sc_hd__and2_2)
     1    0.033442    0.294821    0.437838    2.774542 ^ _266_/X (sky130_fd_sc_hd__and2_2)
                                                         c[20] (net)
                      0.294821    0.000000    2.774542 ^ c[20] (out)
                                              2.774542   data arrival time

                      0.000000    0.000000    0.000000   clock clk (rise edge)
                                  0.000000    0.000000   clock network delay (ideal)
                                  0.250000    0.250000   clock uncertainty
                                  0.000000    0.250000   clock reconvergence pessimism
                                 -2.000000   -1.750000   output external delay
                                             -1.750000   data required time
---------------------------------------------------------------------------------------------
                                             -1.750000   data required time
                                             -2.774542   data arrival time
---------------------------------------------------------------------------------------------
                                              4.524542   slack (MET)


Startpoint: b[5] (input port clocked by clk)
Endpoint: c[6] (output port clocked by clk)
Path Group: clk
Path Type: min

Fanout         Cap        Slew       Delay        Time   Description
---------------------------------------------------------------------------------------------
                      0.000000    0.000000    0.000000   clock clk (rise edge)
                                  0.000000    0.000000   clock network delay (ideal)
                                  2.000000    2.000000 ^ input external delay
     3    0.008542    0.073385    0.045105    2.045105 ^ b[5] (in)
                                                         b[5] (net)
                      0.073385    0.000000    2.045105 ^ _186_/B (sky130_fd_sc_hd__or2_2)
     3    0.005306    0.068299    0.190874    2.235979 ^ _186_/X (sky130_fd_sc_hd__or2_2)
                                                         _019_ (net)
                      0.068299    0.000000    2.235979 ^ _346_/C1 (sky130_fd_sc_hd__o211a_2)
     2    0.007132    0.116026    0.379785    2.615764 ^ _346_/X (sky130_fd_sc_hd__o211a_2)
                                                         _154_ (net)
                      0.116026    0.000000    2.615764 ^ _348_/A (sky130_fd_sc_hd__nor2_2)
     1    0.033442    0.155791    0.180572    2.796336 v _348_/Y (sky130_fd_sc_hd__nor2_2)
                                                         c[6] (net)
                      0.155791    0.000000    2.796336 v c[6] (out)
                                              2.796336   data arrival time

                      0.000000    0.000000    0.000000   clock clk (rise edge)
                                  0.000000    0.000000   clock network delay (ideal)
                                  0.250000    0.250000   clock uncertainty
                                  0.000000    0.250000   clock reconvergence pessimism
                                 -2.000000   -1.750000   output external delay
                                             -1.750000   data required time
---------------------------------------------------------------------------------------------
                                             -1.750000   data required time
                                             -2.796336   data arrival time
---------------------------------------------------------------------------------------------
                                              4.546336   slack (MET)


Startpoint: a[8] (input port clocked by clk)
Endpoint: c[8] (output port clocked by clk)
Path Group: clk
Path Type: min

Fanout         Cap        Slew       Delay        Time   Description
---------------------------------------------------------------------------------------------
                      0.000000    0.000000    0.000000   clock clk (rise edge)
                                  0.000000    0.000000   clock network delay (ideal)
                                  2.000000    2.000000 v input external delay
     2    0.005699    0.030877    0.018299    2.018299 v a[8] (in)
                                                         a[8] (net)
                      0.030877    0.000000    2.018299 v _202_/A (sky130_fd_sc_hd__nand2_2)
     4    0.010878    0.108054    0.106495    2.124794 ^ _202_/Y (sky130_fd_sc_hd__nand2_2)
                                                         _035_ (net)
                      0.108054    0.000000    2.124794 ^ _204_/A (sky130_fd_sc_hd__and2_2)
     2    0.009226    0.116126    0.312680    2.437473 ^ _204_/X (sky130_fd_sc_hd__and2_2)
                                                         _037_ (net)
                      0.116126    0.000000    2.437473 ^ _205_/A (sky130_fd_sc_hd__inv_2)
     2    0.009801    0.056049    0.095777    2.533251 v _205_/Y (sky130_fd_sc_hd__inv_2)
                                                         _038_ (net)
                      0.056049    0.000000    2.533251 v _352_/B (sky130_fd_sc_hd__xnor2_2)
     1    0.033442    0.320906    0.412190    2.945441 v _352_/Y (sky130_fd_sc_hd__xnor2_2)
                                                         c[8] (net)
                      0.320906    0.000000    2.945441 v c[8] (out)
                                              2.945441   data arrival time

                      0.000000    0.000000    0.000000   clock clk (rise edge)
                                  0.000000    0.000000   clock network delay (ideal)
                                  0.250000    0.250000   clock uncertainty
                                  0.000000    0.250000   clock reconvergence pessimism
                                 -2.000000   -1.750000   output external delay
                                             -1.750000   data required time
---------------------------------------------------------------------------------------------
                                             -1.750000   data required time
                                             -2.945441   data arrival time
---------------------------------------------------------------------------------------------
                                              4.695441   slack (MET)



