
===========================================================================
report_checks -unconstrained
===========================================================================
======================= min_ff_n40C_1v95 Corner ===================================

Startpoint: b[2] (input port clocked by clk)
Endpoint: c[31] (output port clocked by clk)
Path Group: clk
Path Type: max

Fanout         Cap        Slew       Delay        Time   Description
---------------------------------------------------------------------------------------------
                      0.000000    0.000000    0.000000   clock clk (rise edge)
                                  0.000000    0.000000   clock network delay (ideal)
                                  2.000000    2.000000 v input external delay
     1    0.002485    0.004271    0.001980    2.001980 v b[2] (in)
                                                         b[2] (net)
                      0.004271    0.000000    2.001980 v input55/A (sky130_fd_sc_hd__clkbuf_1)
     2    0.004294    0.023475    0.051474    2.053454 v input55/X (sky130_fd_sc_hd__clkbuf_1)
                                                         net55 (net)
                      0.023475    0.000021    2.053475 v _172_/B (sky130_fd_sc_hd__and2_1)
     5    0.017862    0.068206    0.134678    2.188153 v _172_/X (sky130_fd_sc_hd__and2_1)
                                                         _005_ (net)
                      0.068208    0.000460    2.188613 v _174_/A (sky130_fd_sc_hd__nor2_1)
     2    0.004848    0.077446    0.095386    2.283999 ^ _174_/Y (sky130_fd_sc_hd__nor2_1)
                                                         _007_ (net)
                      0.077446    0.000014    2.284013 ^ _180_/A (sky130_fd_sc_hd__and2_1)
     5    0.016088    0.123401    0.144885    2.428899 ^ _180_/X (sky130_fd_sc_hd__and2_1)
                                                         _013_ (net)
                      0.123401    0.000306    2.429204 ^ _184_/A2 (sky130_fd_sc_hd__o311a_1)
     5    0.019327    0.148114    0.190472    2.619676 ^ _184_/X (sky130_fd_sc_hd__o311a_1)
                                                         _017_ (net)
                      0.148114    0.000539    2.620215 ^ _197_/A1 (sky130_fd_sc_hd__a31o_2)
     4    0.024095    0.110189    0.162423    2.782638 ^ _197_/X (sky130_fd_sc_hd__a31o_2)
                                                         _030_ (net)
                      0.110189    0.000286    2.782925 ^ _236_/A1 (sky130_fd_sc_hd__a21oi_4)
     5    0.026669    0.059523    0.061593    2.844518 v _236_/Y (sky130_fd_sc_hd__a21oi_4)
                                                         _066_ (net)
                      0.059609    0.001766    2.846284 v _288_/A1 (sky130_fd_sc_hd__o31a_2)
     4    0.022814    0.069488    0.258692    3.104976 v _288_/X (sky130_fd_sc_hd__o31a_2)
                                                         _110_ (net)
                      0.069489    0.000388    3.105364 v _318_/A1 (sky130_fd_sc_hd__o31ai_4)
     3    0.014518    0.191576    0.224439    3.329803 ^ _318_/Y (sky130_fd_sc_hd__o31ai_4)
                                                         _136_ (net)
                      0.191576    0.000284    3.330087 ^ _328_/A2 (sky130_fd_sc_hd__a211oi_2)
     2    0.010009    0.065977    0.072532    3.402619 v _328_/Y (sky130_fd_sc_hd__a211oi_2)
                                                         _144_ (net)
                      0.065977    0.000347    3.402966 v _331_/A3 (sky130_fd_sc_hd__o31a_1)
     1    0.005026    0.041311    0.160815    3.563781 v _331_/X (sky130_fd_sc_hd__o31a_1)
                                                         _146_ (net)
                      0.041311    0.000056    3.563836 v _333_/A (sky130_fd_sc_hd__xnor2_1)
     1    0.002426    0.077060    0.097113    3.660950 ^ _333_/Y (sky130_fd_sc_hd__xnor2_1)
                                                         net89 (net)
                      0.077060    0.000024    3.660974 ^ output89/A (sky130_fd_sc_hd__buf_2)
     1    0.034095    0.127475    0.149277    3.810251 ^ output89/X (sky130_fd_sc_hd__buf_2)
                                                         c[31] (net)
                      0.127475    0.000242    3.810493 ^ c[31] (out)
                                              3.810493   data arrival time

                      0.000000   10.000000   10.000000   clock clk (rise edge)
                                  0.000000   10.000000   clock network delay (ideal)
                                 -0.250000    9.750000   clock uncertainty
                                  0.000000    9.750000   clock reconvergence pessimism
                                 -2.000000    7.750000   output external delay
                                              7.750000   data required time
---------------------------------------------------------------------------------------------
                                              7.750000   data required time
                                             -3.810493   data arrival time
---------------------------------------------------------------------------------------------
                                              3.939507   slack (MET)




===========================================================================
report_checks --slack_max -0.01
============================================================================
======================= min_ff_n40C_1v95 Corner ===================================

No paths found.


===========================================================================
 report_check_types -max_slew -max_cap -max_fanout -violators
============================================================================
======================= min_ff_n40C_1v95 Corner ===================================



===========================================================================
report_parasitic_annotation -report_unannotated
============================================================================
Found 0 unannotated drivers.
Found 0 partially unannotated drivers.

===========================================================================
max slew violation count 0
max fanout violation count 0
max cap violation count 0
============================================================================

===========================================================================
check_setup -verbose -unconstrained_endpoints -multiple_clock -no_clock -no_input_delay -loops -generated_clocks
===========================================================================
