
===========================================================================
report_checks -unconstrained
===========================================================================
======================= nom_tt_025C_1v80 Corner ===================================

Startpoint: a[14] (input port clocked by clk)
Endpoint: c[31] (output port clocked by clk)
Path Group: clk
Path Type: max

Fanout         Cap        Slew       Delay        Time   Description
---------------------------------------------------------------------------------------------
                      0.000000    0.000000    0.000000   clock clk (rise edge)
                                  0.000000    0.000000   clock network delay (ideal)
                                  2.000000    2.000000 ^ input external delay
     3    0.010494    0.053608    0.035593    2.035593 ^ a[14] (in)
                                                         a[14] (net)
                      0.053608    0.000000    2.035593 ^ _221_/A (sky130_fd_sc_hd__or2_2)
     1    0.008681    0.055691    0.121464    2.157057 ^ _221_/X (sky130_fd_sc_hd__or2_2)
                                                         _053_ (net)
                      0.055691    0.000126    2.157183 ^ _223_/A (sky130_fd_sc_hd__nand2_2)
     3    0.016127    0.072440    0.078596    2.235779 v _223_/Y (sky130_fd_sc_hd__nand2_2)
                                                         _055_ (net)
                      0.072440    0.000084    2.235863 v _229_/A (sky130_fd_sc_hd__or2_2)
     2    0.008442    0.070068    0.323779    2.559642 v _229_/X (sky130_fd_sc_hd__or2_2)
                                                         _059_ (net)
                      0.070068    0.000143    2.559785 v _230_/C (sky130_fd_sc_hd__or3_2)
     2    0.010261    0.100957    0.453881    3.013666 v _230_/X (sky130_fd_sc_hd__or3_2)
                                                         _060_ (net)
                      0.100957    0.000099    3.013766 v _235_/A2 (sky130_fd_sc_hd__o211ai_2)
     1    0.005356    0.138735    0.165412    3.179178 ^ _235_/Y (sky130_fd_sc_hd__o211ai_2)
                                                         _065_ (net)
                      0.138735    0.000020    3.179198 ^ _236_/B1 (sky130_fd_sc_hd__a21oi_2)
     5    0.031878    0.128510    0.108465    3.287663 v _236_/Y (sky130_fd_sc_hd__a21oi_2)
                                                         _066_ (net)
                      0.128523    0.001073    3.288737 v _288_/A1 (sky130_fd_sc_hd__o31a_2)
     4    0.025292    0.102568    0.440356    3.729093 v _288_/X (sky130_fd_sc_hd__o31a_2)
                                                         _110_ (net)
                      0.102568    0.000201    3.729294 v _318_/A1 (sky130_fd_sc_hd__o31ai_2)
     3    0.017425    0.411718    0.428753    4.158046 ^ _318_/Y (sky130_fd_sc_hd__o31ai_2)
                                                         _136_ (net)
                      0.411718    0.000154    4.158201 ^ _328_/A2 (sky130_fd_sc_hd__a211oi_2)
     2    0.009990    0.107906    0.160245    4.318445 v _328_/Y (sky130_fd_sc_hd__a211oi_2)
                                                         _144_ (net)
                      0.107906    0.000196    4.318642 v _331_/A3 (sky130_fd_sc_hd__o31a_2)
     1    0.008732    0.067883    0.323938    4.642580 v _331_/X (sky130_fd_sc_hd__o31a_2)
                                                         _146_ (net)
                      0.067883    0.000022    4.642601 v _333_/A (sky130_fd_sc_hd__xnor2_2)
     1    0.034654    0.467693    0.408963    5.051565 ^ _333_/Y (sky130_fd_sc_hd__xnor2_2)
                                                         c[31] (net)
                      0.467693    0.000178    5.051743 ^ c[31] (out)
                                              5.051743   data arrival time

                      0.000000   10.000000   10.000000   clock clk (rise edge)
                                  0.000000   10.000000   clock network delay (ideal)
                                 -0.250000    9.750000   clock uncertainty
                                  0.000000    9.750000   clock reconvergence pessimism
                                 -2.000000    7.750000   output external delay
                                              7.750000   data required time
---------------------------------------------------------------------------------------------
                                              7.750000   data required time
                                             -5.051743   data arrival time
---------------------------------------------------------------------------------------------
                                              2.698257   slack (MET)




===========================================================================
report_checks --slack_max -0.01
============================================================================
======================= nom_tt_025C_1v80 Corner ===================================

No paths found.


===========================================================================
 report_check_types -max_slew -max_cap -max_fanout -violators
============================================================================
======================= nom_tt_025C_1v80 Corner ===================================



===========================================================================
report_parasitic_annotation -report_unannotated
============================================================================
Found 0 unannotated drivers.
Found 0 partially unannotated drivers.

===========================================================================
max slew violation count 0
Writing metric design__max_slew_violation__count__corner:nom_tt_025C_1v80: 0
max fanout violation count 0
Writing metric design__max_fanout_violation__count__corner:nom_tt_025C_1v80: 0
max cap violation count 0
Writing metric design__max_cap_violation__count__corner:nom_tt_025C_1v80: 0
============================================================================

===========================================================================
check_setup -verbose -unconstrained_endpoints -multiple_clock -no_clock -no_input_delay -loops -generated_clocks
===========================================================================
